<html>
<body>
<pre>
<h1>µVision Build Log</h1>
<h2>Tool Versions:</h2>
IDE-Version: ¦ÌVision V5.14.0.0
Copyright (C) 2015 ARM Ltd and ARM Germany GmbH. All rights reserved.
License Information: APL APL, APL, LIC=DSNRA-1ZZMC-67MRS-L2WXX-MP313-VYZM3
 
Tool Versions:
Toolchain:       MDK-ARM Professional  Version: 5.14.0.0
Toolchain Path:  D:\keil5\ARM\ARMCC\Bin
C Compiler:      Armcc.exe V5.05 update 1 (build 106)
Assembler:       Armasm.exe V5.05 update 1 (build 106)
Linker/Locator:  ArmLink.exe V5.05 update 1 (build 106)
Library Manager: ArmAr.exe V5.05 update 1 (build 106)
Hex Converter:   FromElf.exe V5.05 update 1 (build 106)
CPU DLL:         SARMCM3.DLL V5.14.0.0
Dialog DLL:      DARMSTM.DLL V1.65.0.0
Target DLL:      Segger\JL2CM3.dll V2.99.13.0
Dialog DLL:      TCM.DLL V1.14.4.0
 
<h2>Project:</h2>
E:\CODE\XFreCtl\SLAVER_CTL\Project\RVMDK£¨uv4£©\iSO-STM32.uvprojx
Project File Date:  05/09/2019

<h2>Output:</h2>
Build target 'STM32_Slave'
compiling func.c...
..\..\User\func\func.h(78): warning:  #1-D: last line of file ends without a newline
                                
..\..\User\N_FRE\nfre.h(43): warning:  #1-D: last line of file ends without a newline
                                                
..\..\User\func\func.c(123): warning:  #1-D: last line of file ends without a newline
  }
..\..\User\func\func.c: 3 warnings, 0 errors
linking...
Program Size: Code=9948 RO-data=268 RW-data=60 ZI-data=1028  
FromELF: creating hex file...
"..\..\Output\Template.axf" - 0 Error(s), 3 Warning(s).

<h2>Collection of Component include folders:</h2>
  E:\CODE\XFreCtl\SLAVER_CTL\Project\RVMDK£¨uv4£©\RTE
  D:\keil5\ARM\PACK\Keil\STM32F1xx_DFP\1.1.0\Device\Include

<h2>Collection of Component Files used:</h2>
</pre>
</body>
</html>
