Component: ARM Compiler 5.05 update 1 (build 106) Tool: armlink [4d0efa]

==============================================================================

Section Cross References

    startup_stm32f10x_hd.o(RESET) refers to startup_stm32f10x_hd.o(STACK) for __initial_sp
    startup_stm32f10x_hd.o(RESET) refers to startup_stm32f10x_hd.o(.text) for Reset_Handler
    startup_stm32f10x_hd.o(RESET) refers to stm32f10x_it.o(.text) for NMI_Handler
    startup_stm32f10x_hd.o(RESET) refers to nvic_conf.o(.text) for PVD_IRQHandler
    startup_stm32f10x_hd.o(.text) refers to system_stm32f10x.o(.text) for SystemInit
    startup_stm32f10x_hd.o(.text) refers to entry.o(.ARM.Collect$$$$00000000) for __main
    system_stm32f10x.o(.text) refers to system_stm32f10x.o(.data) for SystemCoreClock
    stm32f10x_adc.o(.text) refers to stm32f10x_rcc.o(.text) for RCC_APB2PeriphResetCmd
    stm32f10x_bkp.o(.text) refers to stm32f10x_rcc.o(.text) for RCC_BackupResetCmd
    stm32f10x_can.o(.text) refers to stm32f10x_rcc.o(.text) for RCC_APB1PeriphResetCmd
    stm32f10x_cec.o(.text) refers to stm32f10x_rcc.o(.text) for RCC_APB1PeriphResetCmd
    stm32f10x_dac.o(.text) refers to stm32f10x_rcc.o(.text) for RCC_APB1PeriphResetCmd
    stm32f10x_gpio.o(.text) refers to stm32f10x_rcc.o(.text) for RCC_APB2PeriphResetCmd
    stm32f10x_i2c.o(.text) refers to stm32f10x_rcc.o(.text) for RCC_APB1PeriphResetCmd
    stm32f10x_pwr.o(.text) refers to stm32f10x_rcc.o(.text) for RCC_APB1PeriphResetCmd
    stm32f10x_rcc.o(.text) refers to stm32f10x_rcc.o(.data) for APBAHBPrescTable
    stm32f10x_spi.o(.text) refers to stm32f10x_rcc.o(.text) for RCC_APB2PeriphResetCmd
    stm32f10x_tim.o(.text) refers to stm32f10x_rcc.o(.text) for RCC_APB2PeriphResetCmd
    stm32f10x_usart.o(.text) refers to stm32f10x_rcc.o(.text) for RCC_APB2PeriphResetCmd
    stm32f10x_wwdg.o(.text) refers to stm32f10x_rcc.o(.text) for RCC_APB1PeriphResetCmd
    main.o(.text) refers to stm32f10x_rcc.o(.text) for RCC_DeInit
    main.o(.text) refers to stm32f10x_flash.o(.text) for FLASH_SetLatency
    main.o(.text) refers to stm32f10x_iwdg.o(.text) for IWDG_WriteAccessCmd
    main.o(.text) refers to memseta.o(.text) for __aeabi_memclr4
    main.o(.text) refers to nvic_conf.o(.text) for BSP_NVIC_Configuration
    main.o(.text) refers to delay.o(.text) for Delay_TIM4_Init
    main.o(.text) refers to key.o(.text) for Key_IOInit
    main.o(.text) refers to oled.o(.text) for OLED_Init
    main.o(.text) refers to zk.o(.text) for GBZK_GPIO_Config
    main.o(.text) refers to hard_spi.o(.text) for Spi1_Init
    main.o(.text) refers to printf6.o(i.__0sprintf$6) for __2sprintf
    main.o(.text) refers to bsp_zn200.o(.text) for Usart_TIM2_Init
    main.o(.text) refers to func.o(.text) for Load_SysPara
    main.o(.text) refers to memcpya.o(.text) for __aeabi_memcpy4
    main.o(.text) refers to dadd.o(.text) for __aeabi_dadd
    main.o(.text) refers to dmul.o(.text) for __aeabi_dmul
    main.o(.text) refers to dfixui.o(.text) for __aeabi_d2uiz
    main.o(.text) refers to main.o(.bss) for cur_SysPara
    main.o(.text) refers to nvic_conf.o(.data) for Que_Len
    nvic_conf.o(.text) refers to misc.o(.text) for NVIC_PriorityGroupConfig
    nvic_conf.o(.text) refers to stm32f10x_usart.o(.text) for USART_GetITStatus
    nvic_conf.o(.text) refers to stm32f10x_tim.o(.text) for TIM_ITConfig
    nvic_conf.o(.text) refers to strcpy.o(.text) for strcpy
    nvic_conf.o(.text) refers to memseta.o(.text) for __aeabi_memclr
    nvic_conf.o(.text) refers to stm32f10x_exti.o(.text) for EXTI_GetITStatus
    nvic_conf.o(.text) refers to stm32f10x_pwr.o(.text) for PWR_GetFlagStatus
    nvic_conf.o(.text) refers to stm32f10x_spi.o(.text) for SPI_I2S_GetITStatus
    nvic_conf.o(.text) refers to nvic_conf.o(.data) for clear
    nvic_conf.o(.text) refers to nvic_conf.o(.bss) for Rec_Buffer
    nvic_conf.o(.text) refers to func.o(.data) for s_ack1
    bsp_zn200.o(.text) refers to stm32f10x_rcc.o(.text) for RCC_APB2PeriphClockCmd
    bsp_zn200.o(.text) refers to stm32f10x_gpio.o(.text) for GPIO_Init
    bsp_zn200.o(.text) refers to stm32f10x_usart.o(.text) for USART_Init
    bsp_zn200.o(.text) refers to misc.o(.text) for NVIC_Init
    bsp_zn200.o(.text) refers to stm32f10x_dma.o(.text) for DMA_Init
    bsp_zn200.o(.text) refers to stm32f10x_tim.o(.text) for TIM_TimeBaseInit
    bsp_zn200.o(.text) refers to delay.o(.text) for delay_us
    bsp_zn200.o(.text) refers to printfa.o(i.__0vsnprintf) for __c89vsnprintf
    bsp_zn200.o(.text) refers to bsp_zn200.o(.bss) for LAN_DATA
    oled.o(.text) refers to stm32f10x_gpio.o(.text) for GPIO_SetBits
    oled.o(.text) refers to stm32f10x_rcc.o(.text) for RCC_APB2PeriphClockCmd
    oled.o(.text) refers to delay.o(.text) for delay_ms
    zk.o(.text) refers to stm32f10x_gpio.o(.text) for GPIO_Init
    zk.o(.text) refers to stm32f10x_rcc.o(.text) for RCC_APB2PeriphClockCmd
    zk.o(.text) refers to oled.o(.text) for Set_Column_Address
    zk.o(.text) refers to zk.o(.bss) for FontBuf
[...]
    printf6.o(i.__0printf$6) refers to stdout.o(.data) for __stdout
    printf6.o(i.__0snprintf$6) refers to printf6.o(i._printf_core) for _printf_core
    printf6.o(i.__0snprintf$6) refers to printf6.o(i._snputc) for _snputc
    printf6.o(i.__0sprintf$6) refers to printf6.o(i._printf_core) for _printf_core
    printf6.o(i.__0sprintf$6) refers to printf6.o(i._sputc) for _sputc
    printf6.o(i.__0vfprintf$6) refers to printf6.o(i._printf_core) for _printf_core
    printf6.o(i.__0vfprintf$6) refers to fputc.o(i.fputc) for fputc
    printf6.o(i.__0vprintf$6) refers to printf6.o(i._printf_core) for _printf_core
    printf6.o(i.__0vprintf$6) refers to fputc.o(i.fputc) for fputc
    printf6.o(i.__0vprintf$6) refers to stdout.o(.data) for __stdout
    printf6.o(i.__0vsnprintf$6) refers to printf6.o(i._printf_core) for _printf_core
    printf6.o(i.__0vsnprintf$6) refers to printf6.o(i._snputc) for _snputc
    printf6.o(i.__0vsprintf$6) refers to printf6.o(i._printf_core) for _printf_core
    printf6.o(i.__0vsprintf$6) refers to printf6.o(i._sputc) for _sputc
    printf6.o(i._printf_core) refers to printf6.o(i._printf_pre_padding) for _printf_pre_padding
    printf6.o(i._printf_core) refers to uidiv.o(.text) for __aeabi_uidivmod
    printf6.o(i._printf_core) refers to printf6.o(i._printf_post_padding) for _printf_post_padding
    printf7.o(i.__0fprintf$7) refers to printf7.o(i._printf_core) for _printf_core
    printf7.o(i.__0fprintf$7) refers to fputc.o(i.fputc) for fputc
    printf7.o(i.__0printf$7) refers to printf7.o(i._printf_core) for _printf_core
    printf7.o(i.__0printf$7) refers to fputc.o(i.fputc) for fputc
    printf7.o(i.__0printf$7) refers to stdout.o(.data) for __stdout
    printf7.o(i.__0snprintf$7) refers to printf7.o(i._printf_core) for _printf_core
    printf7.o(i.__0snprintf$7) refers to printf7.o(i._snputc) for _snputc
    printf7.o(i.__0sprintf$7) refers to printf7.o(i._printf_core) for _printf_core
    printf7.o(i.__0sprintf$7) refers to printf7.o(i._sputc) for _sputc
    printf7.o(i.__0vfprintf$7) refers to printf7.o(i._printf_core) for _printf_core
    printf7.o(i.__0vfprintf$7) refers to fputc.o(i.fputc) for fputc
    printf7.o(i.__0vprintf$7) refers to printf7.o(i._printf_core) for _printf_core
    printf7.o(i.__0vprintf$7) refers to fputc.o(i.fputc) for fputc
    printf7.o(i.__0vprintf$7) refers to stdout.o(.data) for __stdout
    printf7.o(i.__0vsnprintf$7) refers to printf7.o(i._printf_core) for _printf_core
    printf7.o(i.__0vsnprintf$7) refers to printf7.o(i._snputc) for _snputc
    printf7.o(i.__0vsprintf$7) refers to printf7.o(i._printf_core) for _printf_core
    printf7.o(i.__0vsprintf$7) refers to printf7.o(i._sputc) for _sputc
    printf7.o(i._printf_core) refers to printf7.o(i._printf_pre_padding) for _printf_pre_padding
    printf7.o(i._printf_core) refers to uldiv.o(.text) for __aeabi_uldivmod
    printf7.o(i._printf_core) refers to printf7.o(i._printf_post_padding) for _printf_post_padding
    printf8.o(i.__0fprintf$8) refers to printf8.o(i._printf_core) for _printf_core
    printf8.o(i.__0fprintf$8) refers to fputc.o(i.fputc) for fputc
    printf8.o(i.__0printf$8) refers to printf8.o(i._printf_core) for _printf_core
    printf8.o(i.__0printf$8) refers to fputc.o(i.fputc) for fputc
    printf8.o(i.__0printf$8) refers to stdout.o(.data) for __stdout
    printf8.o(i.__0snprintf$8) refers to printf8.o(i._printf_core) for _printf_core
    printf8.o(i.__0snprintf$8) refers to printf8.o(i._snputc) for _snputc
    printf8.o(i.__0sprintf$8) refers to printf8.o(i._printf_core) for _printf_core
    printf8.o(i.__0sprintf$8) refers to printf8.o(i._sputc) for _sputc
    printf8.o(i.__0vfprintf$8) refers to printf8.o(i._printf_core) for _printf_core
    printf8.o(i.__0vfprintf$8) refers to fputc.o(i.fputc) for fputc
    printf8.o(i.__0vprintf$8) refers to printf8.o(i._printf_core) for _printf_core
    printf8.o(i.__0vprintf$8) refers to fputc.o(i.fputc) for fputc
    printf8.o(i.__0vprintf$8) refers to stdout.o(.data) for __stdout
    printf8.o(i.__0vsnprintf$8) refers to printf8.o(i._printf_core) for _printf_core
    printf8.o(i.__0vsnprintf$8) refers to printf8.o(i._snputc) for _snputc
    printf8.o(i.__0vsprintf$8) refers to printf8.o(i._printf_core) for _printf_core
    printf8.o(i.__0vsprintf$8) refers to printf8.o(i._sputc) for _sputc
    printf8.o(i._printf_core) refers to printf8.o(i._printf_pre_padding) for _printf_pre_padding
    printf8.o(i._printf_core) refers to uldiv.o(.text) for __aeabi_uldivmod
    printf8.o(i._printf_core) refers to printf8.o(i._printf_post_padding) for _printf_post_padding
    printfa.o(i.__0fprintf) refers (Special) to iusefp.o(.text) for __I$use$fp
    printfa.o(i.__0fprintf) refers to printfa.o(i._printf_core) for _printf_core
    printfa.o(i.__0fprintf) refers to fputc.o(i.fputc) for fputc
    printfa.o(i.__0printf) refers (Special) to iusefp.o(.text) for __I$use$fp
    printfa.o(i.__0printf) refers to printfa.o(i._printf_core) for _printf_core
    printfa.o(i.__0printf) refers to fputc.o(i.fputc) for fputc
    printfa.o(i.__0printf) refers to stdout.o(.data) for __stdout
    printfa.o(i.__0snprintf) refers (Special) to iusefp.o(.text) for __I$use$fp
    printfa.o(i.__0snprintf) refers to printfa.o(i._printf_core) for _printf_core
    printfa.o(i.__0snprintf) refers to printfa.o(i._snputc) for _snputc
    printfa.o(i.__0sprintf) refers (Special) to iusefp.o(.text) for __I$use$fp
    printfa.o(i.__0sprintf) refers to printfa.o(i._printf_core) for _printf_core
    printfa.o(i.__0sprintf) refers to printfa.o(i._sputc) for _sputc
    printfa.o(i.__0vfprintf) refers (Special) to iusefp.o(.text) for __I$use$fp
    printfa.o(i.__0vfprintf) refers to printfa.o(i._printf_core) for _printf_core
    printfa.o(i.__0vfprintf) refers to fputc.o(i.fputc) for fputc
    printfa.o(i.__0vprintf) refers (Special) to iusefp.o(.text) for __I$use$fp
    printfa.o(i.__0vprintf) refers to printfa.o(i._printf_core) for _printf_core
    printfa.o(i.__0vprintf) refers to fputc.o(i.fputc) for fputc
    printfa.o(i.__0vprintf) refers to stdout.o(.data) for __stdout
    printfa.o(i.__0vsnprintf) refers (Special) to iusefp.o(.text) for __I$use$fp
    printfa.o(i.__0vsnprintf) refers to printfa.o(i._printf_core) for _printf_core
    printfa.o(i.__0vsnprintf) refers to printfa.o(i._snputc) for _snputc
    printfa.o(i.__0vsprintf) refers (Special) to iusefp.o(.text) for __I$use$fp
    printfa.o(i.__0vsprintf) refers to printfa.o(i._printf_core) for _printf_core
    printfa.o(i.__0vsprintf) refers to printfa.o(i._sputc) for _sputc
    printfa.o(i._fp_digits) refers (Special) to iusefp.o(.text) for __I$use$fp
    printfa.o(i._fp_digits) refers to dmul.o(.text) for __aeabi_dmul
    printfa.o(i._fp_digits) refers to ddiv.o(.text) for __aeabi_ddiv
    printfa.o(i._fp_digits) refers to cdrcmple.o(.text) for __aeabi_cdrcmple
    printfa.o(i._fp_digits) refers to dadd.o(.text) for __aeabi_dadd
    printfa.o(i._fp_digits) refers to dfixul.o(.text) for __aeabi_d2ulz
    printfa.o(i._fp_digits) refers to uldiv.o(.text) for __aeabi_uldivmod
    printfa.o(i._printf_core) refers (Special) to iusefp.o(.text) for __I$use$fp
    printfa.o(i._printf_core) refers to printfa.o(i._printf_pre_padding) for _printf_pre_padding
    printfa.o(i._printf_core) refers to uldiv.o(.text) for __aeabi_uldivmod
    printfa.o(i._printf_core) refers to printfa.o(i._printf_post_padding) for _printf_post_padding
    printfa.o(i._printf_core) refers to printfa.o(i._fp_digits) for _fp_digits
    printfa.o(i._printf_core) refers to uidiv.o(.text) for __aeabi_uidivmod
    printfa.o(i._printf_post_padding) refers (Special) to iusefp.o(.text) for __I$use$fp
    printfa.o(i._printf_pre_padding) refers (Special) to iusefp.o(.text) for __I$use$fp
    printfa.o(i._snputc) refers (Special) to iusefp.o(.text) for __I$use$fp
    printfa.o(i._sputc) refers (Special) to iusefp.o(.text) for __I$use$fp
    dadd.o(.text) refers (Special) to iusefp.o(.text) for __I$use$fp
    dadd.o(.text) refers to llshl.o(.text) for __aeabi_llsl
    dadd.o(.text) refers to llsshr.o(.text) for __aeabi_lasr
    dadd.o(.text) refers to depilogue.o(.text) for _double_epilogue
    dmul.o(.text) refers (Special) to iusefp.o(.text) for __I$use$fp
    dmul.o(.text) refers to depilogue.o(.text) for _double_epilogue
    ddiv.o(.text) refers (Special) to iusefp.o(.text) for __I$use$fp
    ddiv.o(.text) refers to depilogue.o(.text) for _double_round
    dfltui.o(.text) refers (Special) to iusefp.o(.text) for __I$use$fp
    dfltui.o(.text) refers to depilogue.o(.text) for _double_epilogue
    dfixui.o(.text) refers (Special) to iusefp.o(.text) for __I$use$fp
    dfixui.o(.text) refers to llushr.o(.text) for __aeabi_llsr
    cdcmple.o(.text) refers (Special) to iusefp.o(.text) for __I$use$fp
    cdrcmple.o(.text) refers (Special) to iusefp.o(.text) for __I$use$fp
    entry2.o(.ARM.Collect$$$$00000001) refers to entry2.o(.ARM.Collect$$$$00002712) for __lit__00000000
    entry2.o(.ARM.Collect$$$$00002712) refers to startup_stm32f10x_hd.o(STACK) for __initial_sp
    entry2.o(__vectab_stack_and_reset_area) refers to startup_stm32f10x_hd.o(STACK) for __initial_sp
    entry2.o(__vectab_stack_and_reset_area) refers to entry.o(.ARM.Collect$$$$00000000) for __main
    entry5.o(.ARM.Collect$$$$00000004) refers to init.o(.text) for __scatterload
    entry9a.o(.ARM.Collect$$$$0000000B) refers to main.o(.text) for main
    entry9b.o(.ARM.Collect$$$$0000000C) refers to main.o(.text) for main
    fputc.o(i.fputc) refers (Special) to iusesemip.o(.text) for __I$use$semihosting$fputc
    fputc.o(i.fputc) refers (Special) to semi.o(.text) for __semihosting_library_function
    uldiv.o(.text) refers to llushr.o(.text) for __aeabi_llsr
    uldiv.o(.text) refers to llshl.o(.text) for __aeabi_llsl
    depilogue.o(.text) refers to llshl.o(.text) for __aeabi_llsl
    depilogue.o(.text) refers to llushr.o(.text) for __aeabi_llsr
    dfixul.o(.text) refers to llushr.o(.text) for __aeabi_llsr
    dfixul.o(.text) refers to llshl.o(.text) for __aeabi_llsl
    init.o(.text) refers to entry5.o(.ARM.Collect$$$$00000004) for __main_after_scatterload


==============================================================================

Removing Unused input sections from the image.

    Removing startup_stm32f10x_hd.o(HEAP), (4096 bytes).
    Removing core_cm3.o(.emb_text), (32 bytes).
    Removing stm32f10x_adc.o(.text), (1102 bytes).
    Removing stm32f10x_bkp.o(.text), (196 bytes).
    Removing stm32f10x_can.o(.text), (2544 bytes).
    Removing stm32f10x_cec.o(.text), (288 bytes).
    Removing stm32f10x_crc.o(.text), (72 bytes).
    Removing stm32f10x_dac.o(.text), (396 bytes).
    Removing stm32f10x_dbgmcu.o(.text), (48 bytes).
    Removing stm32f10x_fsmc.o(.text), (1548 bytes).
    Removing stm32f10x_i2c.o(.text), (1028 bytes).
    Removing stm32f10x_rtc.o(.text), (328 bytes).
    Removing stm32f10x_sdio.o(.text), (468 bytes).
    Removing stm32f10x_wwdg.o(.text), (136 bytes).
    Removing main.o(.data), (1933 bytes).
    Removing parser.o(.text), (228 bytes).
    Removing ioport.o(.text), (172 bytes).

17 unused section(s) (total 14615 bytes) removed from the image.

==============================================================================

Image Symbol Table

    Local Symbols

    Symbol Name                              Value     Ov Type        Size  Object(Section)

    ../clib/microlib/division.c              0x00000000   Number         0  uldiv.o ABSOLUTE
    ../clib/microlib/division.c              0x00000000   Number         0  uidiv.o ABSOLUTE
    ../clib/microlib/init/entry.s            0x00000000   Number         0  entry10a.o ABSOLUTE
    ../clib/microlib/init/entry.s            0x00000000   Number         0  entry10b.o ABSOLUTE
    ../clib/microlib/init/entry.s            0x00000000   Number         0  entry11a.o ABSOLUTE
    ../clib/microlib/init/entry.s            0x00000000   Number         0  entry11b.o ABSOLUTE
    ../clib/microlib/init/entry.s            0x00000000   Number         0  entry.o ABSOLUTE
    ../clib/microlib/init/entry.s            0x00000000   Number         0  entry2.o ABSOLUTE
    ../clib/microlib/init/entry.s            0x00000000   Number         0  entry5.o ABSOLUTE
    ../clib/microlib/init/entry.s            0x00000000   Number         0  entry7a.o ABSOLUTE
    ../clib/microlib/init/entry.s            0x00000000   Number         0  entry7b.o ABSOLUTE
    ../clib/microlib/init/entry.s            0x00000000   Number         0  entry8a.o ABSOLUTE
    ../clib/microlib/init/entry.s            0x00000000   Number         0  entry9a.o ABSOLUTE
    ../clib/microlib/init/entry.s            0x00000000   Number         0  entry8b.o ABSOLUTE
    ../clib/microlib/init/entry.s            0x00000000   Number         0  entry9b.o ABSOLUTE
    ../clib/microlib/longlong.c              0x00000000   Number         0  llushr.o ABSOLUTE
    ../clib/microlib/longlong.c              0x00000000   Number         0  llshl.o ABSOLUTE
    ../clib/microlib/longlong.c              0x00000000   Number         0  llsshr.o ABSOLUTE
    ../clib/microlib/printf/printf.c         0x00000000   Number         0  printf7.o ABSOLUTE
    ../clib/microlib/printf/printf.c         0x00000000   Number         0  printf0.o ABSOLUTE
    ../clib/microlib/printf/printf.c         0x00000000   Number         0  printf5.o ABSOLUTE
    ../clib/microlib/printf/printf.c         0x00000000   Number         0  printfb.o ABSOLUTE
    ../clib/microlib/printf/printf.c         0x00000000   Number         0  printf4.o ABSOLUTE
    ../clib/microlib/printf/printf.c         0x00000000   Number         0  printf3.o ABSOLUTE
    ../clib/microlib/printf/printf.c         0x00000000   Number         0  printf2.o ABSOLUTE
    ../clib/microlib/printf/printf.c         0x00000000   Number         0  printf1.o ABSOLUTE
    ../clib/microlib/printf/printf.c         0x00000000   Number         0  printf6.o ABSOLUTE
    ../clib/microlib/printf/printf.c         0x00000000   Number         0  printfa.o ABSOLUTE
    ../clib/microlib/printf/printf.c         0x00000000   Number         0  printf8.o ABSOLUTE
    ../clib/microlib/printf/stubs.s          0x00000000   Number         0  stubs.o ABSOLUTE
    ../clib/microlib/stdio/fputc.c           0x00000000   Number         0  fputc.o ABSOLUTE
    ../clib/microlib/stdio/semi.s            0x00000000   Number         0  semi.o ABSOLUTE
    ../clib/microlib/stdio/streams.c         0x00000000   Number         0  stdout.o ABSOLUTE
    ../clib/microlib/string/memcpy.c         0x00000000   Number         0  memcpya.o ABSOLUTE
    ../clib/microlib/string/memcpy.c         0x00000000   Number         0  memcpyb.o ABSOLUTE
    ../clib/microlib/string/memset.c         0x00000000   Number         0  memseta.o ABSOLUTE
    ../clib/microlib/string/strcmp.c         0x00000000   Number         0  strcmp.o ABSOLUTE
    ../clib/microlib/string/strcpy.c         0x00000000   Number         0  strcpy.o ABSOLUTE
    ../clib/microlib/string/strlen.c         0x00000000   Number         0  strlen.o ABSOLUTE
    ../clib/microlib/string/strtok.c         0x00000000   Number         0  strtok_r.o ABSOLUTE
    ../clib/microlib/string/strtok.c         0x00000000   Number         0  strtok.o ABSOLUTE
    ../clib/microlib/stubs.s                 0x00000000   Number         0  iusesemip.o ABSOLUTE
    ../clib/microlib/stubs.s                 0x00000000   Number         0  iusefp.o ABSOLUTE
    ../fplib/microlib/fpadd.c                0x00000000   Number         0  dadd.o ABSOLUTE
    ../fplib/microlib/fpdiv.c                0x00000000   Number         0  ddiv.o ABSOLUTE
    ../fplib/microlib/fpepilogue.c           0x00000000   Number         0  depilogue.o ABSOLUTE
    ../fplib/microlib/fpfix.c                0x00000000   Number         0  dfixui.o ABSOLUTE
    ../fplib/microlib/fpfix.c                0x00000000   Number         0  dfixul.o ABSOLUTE
    ../fplib/microlib/fpflt.c                0x00000000   Number         0  dfltui.o ABSOLUTE
    ../fplib/microlib/fpmul.c                0x00000000   Number         0  dmul.o ABSOLUTE
    ..\..\Libraries\CMSIS\core_cm3.c         0x00000000   Number         0  core_cm3.o ABSOLUTE
    ..\..\Libraries\CMSIS\startup\startup_stm32f10x_hd.s 0x00000000   Number         0  startup_stm32f10x_hd.o ABSOLUTE
    ..\..\Libraries\CMSIS\system_stm32f10x.c 0x00000000   Number         0  system_stm32f10x.o ABSOLUTE
    ..\..\Libraries\FWlib\src\misc.c         0x00000000   Number         0  misc.o ABSOLUTE
    ..\..\Libraries\FWlib\src\stm32f10x_adc.c 0x00000000   Number         0  stm32f10x_adc.o ABSOLUTE
    ..\..\Libraries\FWlib\src\stm32f10x_bkp.c 0x00000000   Number         0  stm32f10x_bkp.o ABSOLUTE
    ..\..\Libraries\FWlib\src\stm32f10x_can.c 0x00000000   Number         0  stm32f10x_can.o ABSOLUTE
    ..\..\Libraries\FWlib\src\stm32f10x_cec.c 0x00000000   Number         0  stm32f10x_cec.o ABSOLUTE
    ..\..\Libraries\FWlib\src\stm32f10x_crc.c 0x00000000   Number         0  stm32f10x_crc.o ABSOLUTE
    ..\..\Libraries\FWlib\src\stm32f10x_dac.c 0x00000000   Number         0  stm32f10x_dac.o ABSOLUTE
    ..\..\Libraries\FWlib\src\stm32f10x_dbgmcu.c 0x00000000   Number         0  stm32f10x_dbgmcu.o ABSOLUTE
    ..\..\Libraries\FWlib\src\stm32f10x_dma.c 0x00000000   Number         0  stm32f10x_dma.o ABSOLUTE
    ..\..\Libraries\FWlib\src\stm32f10x_exti.c 0x00000000   Number         0  stm32f10x_exti.o ABSOLUTE
    ..\..\Libraries\FWlib\src\stm32f10x_flash.c 0x00000000   Number         0  stm32f10x_flash.o ABSOLUTE
    ..\..\Libraries\FWlib\src\stm32f10x_fsmc.c 0x00000000   Number         0  stm32f10x_fsmc.o ABSOLUTE
    ..\..\Libraries\FWlib\src\stm32f10x_gpio.c 0x00000000   Number         0  stm32f10x_gpio.o ABSOLUTE
    ..\..\Libraries\FWlib\src\stm32f10x_i2c.c 0x00000000   Number         0  stm32f10x_i2c.o ABSOLUTE
    ..\..\Libraries\FWlib\src\stm32f10x_iwdg.c 0x00000000   Number         0  stm32f10x_iwdg.o ABSOLUTE
    ..\..\Libraries\FWlib\src\stm32f10x_pwr.c 0x00000000   Number         0  stm32f10x_pwr.o ABSOLUTE
    ..\..\Libraries\FWlib\src\stm32f10x_rcc.c 0x00000000   Number         0  stm32f10x_rcc.o ABSOLUTE
    ..\..\Libraries\FWlib\src\stm32f10x_rtc.c 0x00000000   Number         0  stm32f10x_rtc.o ABSOLUTE
    ..\..\Libraries\FWlib\src\stm32f10x_sdio.c 0x00000000   Number         0  stm32f10x_sdio.o ABSOLUTE
    ..\..\Libraries\FWlib\src\stm32f10x_spi.c 0x00000000   Number         0  stm32f10x_spi.o ABSOLUTE
    ..\..\Libraries\FWlib\src\stm32f10x_tim.c 0x00000000   Number         0  stm32f10x_tim.o ABSOLUTE
    ..\..\Libraries\FWlib\src\stm32f10x_usart.c 0x00000000   Number         0  stm32f10x_usart.o ABSOLUTE
    ..\..\Libraries\FWlib\src\stm32f10x_wwdg.c 0x00000000   Number         0  stm32f10x_wwdg.o ABSOLUTE
    ..\..\User\KEY\key.c                     0x00000000   Number         0  key.o ABSOLUTE
    ..\..\User\OLED\oled.c                   0x00000000   Number         0  oled.o ABSOLUTE
    ..\..\User\SPI\hard_spi.c                0x00000000   Number         0  hard_spi.o ABSOLUTE
    ..\..\User\ZK\zk.c                       0x00000000   Number         0  zk.o ABSOLUTE
    ..\..\User\Zn200\BSP_ZN200.C             0x00000000   Number         0  bsp_zn200.o ABSOLUTE
    ..\..\User\func\func.c                   0x00000000   Number         0  func.o ABSOLUTE
    ..\..\User\internalflash\myflash.c       0x00000000   Number         0  myflash.o ABSOLUTE
    ..\..\User\ioport\ioport.c               0x00000000   Number         0  ioport.o ABSOLUTE
    ..\..\User\main.c                        0x00000000   Number         0  main.o ABSOLUTE
    ..\..\User\nvic_conf.c                   0x00000000   Number         0  nvic_conf.o ABSOLUTE
    ..\..\User\parser.c                      0x00000000   Number         0  parser.o ABSOLUTE
    ..\..\User\simple_delay\delay.c          0x00000000   Number         0  delay.o ABSOLUTE
    ..\..\User\stm32f10x_it.c                0x00000000   Number         0  stm32f10x_it.o ABSOLUTE
    ..\\..\\Libraries\\CMSIS\\core_cm3.c     0x00000000   Number         0  core_cm3.o ABSOLUTE
    cdcmple.s                                0x00000000   Number         0  cdcmple.o ABSOLUTE
    cdrcmple.s                               0x00000000   Number         0  cdrcmple.o ABSOLUTE
    dc.s                                     0x00000000   Number         0  dc.o ABSOLUTE
    handlers.s                               0x00000000   Number         0  handlers.o ABSOLUTE
    init.s                                   0x00000000   Number         0  init.o ABSOLUTE
    RESET                                    0x08000000   Section      304  startup_stm32f10x_hd.o(RESET)
    .ARM.Collect$$$$00000000                 0x08000130   Section        0  entry.o(.ARM.Collect$$$$00000000)
    .ARM.Collect$$$$00000001                 0x08000130   Section        4  entry2.o(.ARM.Collect$$$$00000001)
    .ARM.Collect$$$$00000004                 0x08000134   Section        4  entry5.o(.ARM.Collect$$$$00000004)
    .ARM.Collect$$$$00000008                 0x08000138   Section        0  entry7b.o(.ARM.Collect$$$$00000008)
    .ARM.Collect$$$$0000000A                 0x08000138   Section        0  entry8b.o(.ARM.Collect$$$$0000000A)
    .ARM.Collect$$$$0000000B                 0x08000138   Section        8  entry9a.o(.ARM.Collect$$$$0000000B)
    .ARM.Collect$$$$0000000D                 0x08000140   Section        0  entry10a.o(.ARM.Collect$$$$0000000D)
    .ARM.Collect$$$$0000000F                 0x08000140   Section        0  entry11a.o(.ARM.Collect$$$$0000000F)
    .ARM.Collect$$$$00002712                 0x08000140   Section        4  entry2.o(.ARM.Collect$$$$00002712)
    __lit__00000000                          0x08000140   Data           4  entry2.o(.ARM.Collect$$$$00002712)
    .text                                    0x08000144   Section       36  startup_stm32f10x_hd.o(.text)
    .text                                    0x08000168   Section        0  system_stm32f10x.o(.text)
    SetSysClockTo72                          0x08000169   Thumb Code   214  system_stm32f10x.o(.text)
    SetSysClock                              0x0800023f   Thumb Code     8  system_stm32f10x.o(.text)
    .text                                    0x08000348   Section        0  misc.o(.text)
    .text                                    0x08000424   Section        0  stm32f10x_dma.o(.text)
    .text                                    0x08000678   Section        0  stm32f10x_exti.o(.text)
    .text                                    0x08000794   Section        0  stm32f10x_flash.o(.text)
    .text                                    0x08000d50   Section        0  stm32f10x_gpio.o(.text)
    .text                                    0x080010ac   Section        0  stm32f10x_iwdg.o(.text)
    .text                                    0x080010ec   Section        0  stm32f10x_pwr.o(.text)
    .text                                    0x080011b8   Section        0  stm32f10x_rcc.o(.text)
    .text                                    0x0800155c   Section        0  stm32f10x_spi.o(.text)
    .text                                    0x08001868   Section        0  stm32f10x_tim.o(.text)
    TI4_Config                               0x08001d0f   Thumb Code   130  stm32f10x_tim.o(.text)
    TI3_Config                               0x08001da3   Thumb Code   122  stm32f10x_tim.o(.text)
    TI2_Config                               0x08001e37   Thumb Code   130  stm32f10x_tim.o(.text)
    TI1_Config                               0x08001ecb   Thumb Code   108  stm32f10x_tim.o(.text)
    .text                                    0x08002684   Section        0  stm32f10x_usart.o(.text)
    .text                                    0x08002a8c   Section        0  main.o(.text)
    .text                                    0x08003050   Section        0  stm32f10x_it.o(.text)
    .text                                    0x0800306c   Section        0  nvic_conf.o(.text)
    .text                                    0x080032c4   Section        0  bsp_zn200.o(.text)
    ZN200_CTL_CFG                            0x080032c5   Thumb Code    52  bsp_zn200.o(.text)
    ZN200_USART1_CFG                         0x080032f9   Thumb Code   166  bsp_zn200.o(.text)
    USART1_DMA_Config                        0x0800339f   Thumb Code    86  bsp_zn200.o(.text)
    .text                                    0x08003508   Section        0  oled.o(.text)
    .text                                    0x08003f00   Section        0  zk.o(.text)
    .text                                    0x08004628   Section        0  delay.o(.text)
    .text                                    0x080046e4   Section        0  func.o(.text)
    .text                                    0x08004a10   Section        0  myflash.o(.text)
    .text                                    0x08004a44   Section        0  key.o(.text)
    .text                                    0x08004a84   Section        0  hard_spi.o(.text)
    .text                                    0x08004c50   Section        0  memcpya.o(.text)
    .text                                    0x08004c74   Section        0  memseta.o(.text)
    .text                                    0x08004c98   Section        0  strcpy.o(.text)
    .text                                    0x08004caa   Section        0  dadd.o(.text)
    .text                                    0x08004df8   Section        0  dmul.o(.text)
    .text                                    0x08004edc   Section        0  ddiv.o(.text)
    .text                                    0x08004fba   Section        0  dfltui.o(.text)
    .text                                    0x08004fd4   Section        0  dfixui.o(.text)
    .text                                    0x08005008   Section       48  cdcmple.o(.text)
    .text                                    0x08005038   Section       48  cdrcmple.o(.text)
    .text                                    0x08005068   Section        0  uidiv.o(.text)
    .text                                    0x08005094   Section        0  uldiv.o(.text)
    .text                                    0x080050f6   Section        0  llshl.o(.text)
    .text                                    0x08005114   Section        0  llushr.o(.text)
    .text                                    0x08005134   Section        0  llsshr.o(.text)
    .text                                    0x08005158   Section        0  depilogue.o(.text)
    .text                                    0x08005158   Section        0  iusefp.o(.text)
    .text                                    0x08005212   Section        0  dfixul.o(.text)
    .text                                    0x08005244   Section       36  init.o(.text)
    i.__0sprintf$6                           0x08005268   Section        0  printf6.o(i.__0sprintf$6)
    i.__0vsnprintf                           0x08005290   Section        0  printfa.o(i.__0vsnprintf)
    i.__scatterload_copy                     0x080052b4   Section       14  handlers.o(i.__scatterload_copy)
    i.__scatterload_null                     0x080052c2   Section        2  handlers.o(i.__scatterload_null)
    i.__scatterload_zeroinit                 0x080052c4   Section       14  handlers.o(i.__scatterload_zeroinit)
    i._fp_digits                             0x080052d4   Section        0  printfa.o(i._fp_digits)
    _fp_digits                               0x080052d5   Thumb Code   334  printfa.o(i._fp_digits)
    i._printf_core                           0x08005438   Section        0  printf6.o(i._printf_core)
    _printf_core                             0x08005439   Thumb Code   748  printf6.o(i._printf_core)
    i._printf_core                           0x08005728   Section        0  printfa.o(i._printf_core)
    _printf_core                             0x08005729   Thumb Code  1744  printfa.o(i._printf_core)
    i._printf_post_padding                   0x08005e04   Section        0  printf6.o(i._printf_post_padding)
    _printf_post_padding                     0x08005e05   Thumb Code    36  printf6.o(i._printf_post_padding)
    i._printf_post_padding                   0x08005e28   Section        0  printfa.o(i._printf_post_padding)
    _printf_post_padding                     0x08005e29   Thumb Code    36  printfa.o(i._printf_post_padding)
    i._printf_pre_padding                    0x08005e4c   Section        0  printf6.o(i._printf_pre_padding)
    _printf_pre_padding                      0x08005e4d   Thumb Code    46  printf6.o(i._printf_pre_padding)
    i._printf_pre_padding                    0x08005e7a   Section        0  printfa.o(i._printf_pre_padding)
    _printf_pre_padding                      0x08005e7b   Thumb Code    46  printfa.o(i._printf_pre_padding)
    i._snputc                                0x08005ea8   Section        0  printfa.o(i._snputc)
    _snputc                                  0x08005ea9   Thumb Code    22  printfa.o(i._snputc)
    i._sputc                                 0x08005ebe   Section        0  printf6.o(i._sputc)
    _sputc                                   0x08005ebf   Thumb Code    10  printf6.o(i._sputc)
    .data                                    0x20000000   Section       20  system_stm32f10x.o(.data)
    .data                                    0x20000014   Section       20  stm32f10x_rcc.o(.data)
    APBAHBPrescTable                         0x20000014   Data          16  stm32f10x_rcc.o(.data)
    ADCPrescTable                            0x20000024   Data           4  stm32f10x_rcc.o(.data)
    .data                                    0x20000028   Section       25  nvic_conf.o(.data)
    .data                                    0x20000041   Section        2  func.o(.data)
    .bss                                     0x20000048   Section       24  main.o(.bss)
    .bss                                     0x20000060   Section       64  nvic_conf.o(.bss)
    .bss                                     0x200000a0   Section       12  bsp_zn200.o(.bss)
    .bss                                     0x200000ac   Section      128  zk.o(.bss)
    STACK                                    0x20000130   Section     4096  startup_stm32f10x_hd.o(STACK)

    Global Symbols

    Symbol Name                              Value     Ov Type        Size  Object(Section)

    BuildAttributes$$THM_ISAv4$P$D$K$B$S$PE$A:L22UL41UL21$X:L11$S22US41US21$IEEE1$IW$USESV6$~STKCKD$USESV7$~SHL$OSPACE$ROPI$EBA8$MICROLIB$REQ8$PRES8$EABIv2 0x00000000   Number         0  anon$$obj.o ABSOLUTE
    __ARM_use_no_argv                        0x00000000   Number         0  main.o ABSOLUTE
    _printf_a                                0x00000000   Number         0  stubs.o ABSOLUTE
    _printf_c                                0x00000000   Number         0  stubs.o ABSOLUTE
    _printf_charcount                        0x00000000   Number         0  stubs.o ABSOLUTE
    _printf_d                                0x00000000   Number         0  stubs.o ABSOLUTE
    _printf_e                                0x00000000   Number         0  stubs.o ABSOLUTE
    _printf_f                                0x00000000   Number         0  stubs.o ABSOLUTE
    _printf_flags                            0x00000000   Number         0  stubs.o ABSOLUTE
    _printf_fp_dec                           0x00000000   Number         0  stubs.o ABSOLUTE
    _printf_fp_hex                           0x00000000   Number         0  stubs.o ABSOLUTE
    _printf_g                                0x00000000   Number         0  stubs.o ABSOLUTE
    _printf_i                                0x00000000   Number         0  stubs.o ABSOLUTE
    _printf_int_dec                          0x00000000   Number         0  stubs.o ABSOLUTE
    _printf_l                                0x00000000   Number         0  stubs.o ABSOLUTE
    _printf_lc                               0x00000000   Number         0  stubs.o ABSOLUTE
    _printf_ll                               0x00000000   Number         0  stubs.o ABSOLUTE
    _printf_lld                              0x00000000   Number         0  stubs.o ABSOLUTE
    _printf_lli                              0x00000000   Number         0  stubs.o ABSOLUTE
    _printf_llo                              0x00000000   Number         0  stubs.o ABSOLUTE
    _printf_llu                              0x00000000   Number         0  stubs.o ABSOLUTE
    _printf_llx                              0x00000000   Number         0  stubs.o ABSOLUTE
    _printf_longlong_dec                     0x00000000   Number         0  stubs.o ABSOLUTE
    _printf_longlong_hex                     0x00000000   Number         0  stubs.o ABSOLUTE
    _printf_longlong_oct                     0x00000000   Number         0  stubs.o ABSOLUTE
    _printf_ls                               0x00000000   Number         0  stubs.o ABSOLUTE
    _printf_mbtowc                           0x00000000   Number         0  stubs.o ABSOLUTE
    _printf_n                                0x00000000   Number         0  stubs.o ABSOLUTE
    _printf_o                                0x00000000   Number         0  stubs.o ABSOLUTE
    _printf_p                                0x00000000   Number         0  stubs.o ABSOLUTE
    _printf_percent                          0x00000000   Number         0  stubs.o ABSOLUTE
    _printf_pre_padding                      0x00000000   Number         0  stubs.o ABSOLUTE
    _printf_return_value                     0x00000000   Number         0  stubs.o ABSOLUTE
    _printf_s                                0x00000000   Number         0  stubs.o ABSOLUTE
    _printf_sizespec                         0x00000000   Number         0  stubs.o ABSOLUTE
    _printf_str                              0x00000000   Number         0  stubs.o ABSOLUTE
    _printf_truncate_signed                  0x00000000   Number         0  stubs.o ABSOLUTE
    _printf_truncate_unsigned                0x00000000   Number         0  stubs.o ABSOLUTE
    _printf_u                                0x00000000   Number         0  stubs.o ABSOLUTE
    _printf_wc                               0x00000000   Number         0  stubs.o ABSOLUTE
    _printf_wctomb                           0x00000000   Number         0  stubs.o ABSOLUTE
    _printf_widthprec                        0x00000000   Number         0  stubs.o ABSOLUTE
    _printf_x                                0x00000000   Number         0  stubs.o ABSOLUTE
    __cpp_initialize__aeabi_                  - Undefined Weak Reference
    __cxa_finalize                            - Undefined Weak Reference
    __decompress                              - Undefined Weak Reference
    _clock_init                               - Undefined Weak Reference
    _microlib_exit                            - Undefined Weak Reference
    __Vectors_Size                           0x00000130   Number         0  startup_stm32f10x_hd.o ABSOLUTE
    __Vectors                                0x08000000   Data           4  startup_stm32f10x_hd.o(RESET)
    __Vectors_End                            0x08000130   Data           0  startup_stm32f10x_hd.o(RESET)
    __main                                   0x08000131   Thumb Code     0  entry.o(.ARM.Collect$$$$00000000)
    _main_stk                                0x08000131   Thumb Code     0  entry2.o(.ARM.Collect$$$$00000001)
    _main_scatterload                        0x08000135   Thumb Code     0  entry5.o(.ARM.Collect$$$$00000004)
    __main_after_scatterload                 0x08000139   Thumb Code     0  entry5.o(.ARM.Collect$$$$00000004)
    _main_clock                              0x08000139   Thumb Code     0  entry7b.o(.ARM.Collect$$$$00000008)
    _main_cpp_init                           0x08000139   Thumb Code     0  entry8b.o(.ARM.Collect$$$$0000000A)
    _main_init                               0x08000139   Thumb Code     0  entry9a.o(.ARM.Collect$$$$0000000B)
    __rt_final_cpp                           0x08000141   Thumb Code     0  entry10a.o(.ARM.Collect$$$$0000000D)
    __rt_final_exit                          0x08000141   Thumb Code     0  entry11a.o(.ARM.Collect$$$$0000000F)
    Reset_Handler                            0x08000145   Thumb Code     8  startup_stm32f10x_hd.o(.text)
    ADC1_2_IRQHandler                        0x0800015f   Thumb Code     0  startup_stm32f10x_hd.o(.text)
    ADC3_IRQHandler                          0x0800015f   Thumb Code     0  startup_stm32f10x_hd.o(.text)
    CAN1_RX1_IRQHandler                      0x0800015f   Thumb Code     0  startup_stm32f10x_hd.o(.text)
    CAN1_SCE_IRQHandler                      0x0800015f   Thumb Code     0  startup_stm32f10x_hd.o(.text)
    DMA1_Channel1_IRQHandler                 0x0800015f   Thumb Code     0  startup_stm32f10x_hd.o(.text)
    DMA1_Channel2_IRQHandler                 0x0800015f   Thumb Code     0  startup_stm32f10x_hd.o(.text)
    DMA1_Channel3_IRQHandler                 0x0800015f   Thumb Code     0  startup_stm32f10x_hd.o(.text)
    DMA1_Channel4_IRQHandler                 0x0800015f   Thumb Code     0  startup_stm32f10x_hd.o(.text)
    DMA1_Channel5_IRQHandler                 0x0800015f   Thumb Code     0  startup_stm32f10x_hd.o(.text)
    DMA1_Channel6_IRQHandler                 0x0800015f   Thumb Code     0  startup_stm32f10x_hd.o(.text)
    DMA1_Channel7_IRQHandler                 0x0800015f   Thumb Code     0  startup_stm32f10x_hd.o(.text)
    DMA2_Channel1_IRQHandler                 0x0800015f   Thumb Code     0  startup_stm32f10x_hd.o(.text)
    DMA2_Channel2_IRQHandler                 0x0800015f   Thumb Code     0  startup_stm32f10x_hd.o(.text)
    DMA2_Channel3_IRQHandler                 0x0800015f   Thumb Code     0  startup_stm32f10x_hd.o(.text)
    DMA2_Channel4_5_IRQHandler               0x0800015f   Thumb Code     0  startup_stm32f10x_hd.o(.text)
    EXTI0_IRQHandler                         0x0800015f   Thumb Code     0  startup_stm32f10x_hd.o(.text)
    EXTI15_10_IRQHandler                     0x0800015f   Thumb Code     0  startup_stm32f10x_hd.o(.text)
    EXTI1_IRQHandler                         0x0800015f   Thumb Code     0  startup_stm32f10x_hd.o(.text)
    EXTI2_IRQHandler                         0x0800015f   Thumb Code     0  startup_stm32f10x_hd.o(.text)
    EXTI3_IRQHandler                         0x0800015f   Thumb Code     0  startup_stm32f10x_hd.o(.text)
    EXTI4_IRQHandler                         0x0800015f   Thumb Code     0  startup_stm32f10x_hd.o(.text)
    EXTI9_5_IRQHandler                       0x0800015f   Thumb Code     0  startup_stm32f10x_hd.o(.text)
    FLASH_IRQHandler                         0x0800015f   Thumb Code     0  startup_stm32f10x_hd.o(.text)
    FSMC_IRQHandler                          0x0800015f   Thumb Code     0  startup_stm32f10x_hd.o(.text)
    I2C1_ER_IRQHandler                       0x0800015f   Thumb Code     0  startup_stm32f10x_hd.o(.text)
    I2C1_EV_IRQHandler                       0x0800015f   Thumb Code     0  startup_stm32f10x_hd.o(.text)
    I2C2_ER_IRQHandler                       0x0800015f   Thumb Code     0  startup_stm32f10x_hd.o(.text)
    I2C2_EV_IRQHandler                       0x0800015f   Thumb Code     0  startup_stm32f10x_hd.o(.text)
    RCC_IRQHandler                           0x0800015f   Thumb Code     0  startup_stm32f10x_hd.o(.text)
    RTCAlarm_IRQHandler                      0x0800015f   Thumb Code     0  startup_stm32f10x_hd.o(.text)
    RTC_IRQHandler                           0x0800015f   Thumb Code     0  startup_stm32f10x_hd.o(.text)
    SDIO_IRQHandler                          0x0800015f   Thumb Code     0  startup_stm32f10x_hd.o(.text)
    SPI3_IRQHandler                          0x0800015f   Thumb Code     0  startup_stm32f10x_hd.o(.text)
    TAMPER_IRQHandler                        0x0800015f   Thumb Code     0  startup_stm32f10x_hd.o(.text)
    TIM1_BRK_IRQHandler                      0x0800015f   Thumb Code     0  startup_stm32f10x_hd.o(.text)
    TIM1_CC_IRQHandler                       0x0800015f   Thumb Code     0  startup_stm32f10x_hd.o(.text)
    TIM1_TRG_COM_IRQHandler                  0x0800015f   Thumb Code     0  startup_stm32f10x_hd.o(.text)
    TIM1_UP_IRQHandler                       0x0800015f   Thumb Code     0  startup_stm32f10x_hd.o(.text)
    TIM3_IRQHandler                          0x0800015f   Thumb Code     0  startup_stm32f10x_hd.o(.text)
    TIM4_IRQHandler                          0x0800015f   Thumb Code     0  startup_stm32f10x_hd.o(.text)
    TIM5_IRQHandler                          0x0800015f   Thumb Code     0  startup_stm32f10x_hd.o(.text)
    TIM6_IRQHandler                          0x0800015f   Thumb Code     0  startup_stm32f10x_hd.o(.text)
    TIM7_IRQHandler                          0x0800015f   Thumb Code     0  startup_stm32f10x_hd.o(.text)
    TIM8_BRK_IRQHandler                      0x0800015f   Thumb Code     0  startup_stm32f10x_hd.o(.text)
    TIM8_CC_IRQHandler                       0x0800015f   Thumb Code     0  startup_stm32f10x_hd.o(.text)
    TIM8_TRG_COM_IRQHandler                  0x0800015f   Thumb Code     0  startup_stm32f10x_hd.o(.text)
    TIM8_UP_IRQHandler                       0x0800015f   Thumb Code     0  startup_stm32f10x_hd.o(.text)
    UART4_IRQHandler                         0x0800015f   Thumb Code     0  startup_stm32f10x_hd.o(.text)
    UART5_IRQHandler                         0x0800015f   Thumb Code     0  startup_stm32f10x_hd.o(.text)
    USART2_IRQHandler                        0x0800015f   Thumb Code     0  startup_stm32f10x_hd.o(.text)
    USART3_IRQHandler                        0x0800015f   Thumb Code     0  startup_stm32f10x_hd.o(.text)
    USBWakeUp_IRQHandler                     0x0800015f   Thumb Code     0  startup_stm32f10x_hd.o(.text)
    USB_HP_CAN1_TX_IRQHandler                0x0800015f   Thumb Code     0  startup_stm32f10x_hd.o(.text)
    USB_LP_CAN1_RX0_IRQHandler               0x0800015f   Thumb Code     0  startup_stm32f10x_hd.o(.text)
    WWDG_IRQHandler                          0x0800015f   Thumb Code     0  startup_stm32f10x_hd.o(.text)
    SystemInit                               0x08000247   Thumb Code    78  system_stm32f10x.o(.text)
    SystemCoreClockUpdate                    0x08000295   Thumb Code   142  system_stm32f10x.o(.text)
    NVIC_PriorityGroupConfig                 0x08000349   Thumb Code    10  misc.o(.text)
    NVIC_Init                                0x08000353   Thumb Code   100  misc.o(.text)
    NVIC_SetVectorTable                      0x080003b7   Thumb Code    14  misc.o(.text)
    NVIC_SystemLPConfig                      0x080003c5   Thumb Code    34  misc.o(.text)
    SysTick_CLKSourceConfig                  0x080003e7   Thumb Code    40  misc.o(.text)
    DMA_DeInit                               0x08000425   Thumb Code   324  stm32f10x_dma.o(.text)
    DMA_Init                                 0x08000569   Thumb Code    60  stm32f10x_dma.o(.text)
    DMA_StructInit                           0x080005a5   Thumb Code    26  stm32f10x_dma.o(.text)
    DMA_Cmd                                  0x080005bf   Thumb Code    24  stm32f10x_dma.o(.text)
    DMA_ITConfig                             0x080005d7   Thumb Code    18  stm32f10x_dma.o(.text)
    DMA_SetCurrDataCounter                   0x080005e9   Thumb Code     4  stm32f10x_dma.o(.text)
    DMA_GetCurrDataCounter                   0x080005ed   Thumb Code     8  stm32f10x_dma.o(.text)
    DMA_GetFlagStatus                        0x080005f5   Thumb Code    40  stm32f10x_dma.o(.text)
    DMA_ClearFlag                            0x0800061d   Thumb Code    22  stm32f10x_dma.o(.text)
    DMA_GetITStatus                          0x08000633   Thumb Code    40  stm32f10x_dma.o(.text)
    DMA_ClearITPendingBit                    0x0800065b   Thumb Code    22  stm32f10x_dma.o(.text)
    EXTI_DeInit                              0x08000679   Thumb Code    28  stm32f10x_exti.o(.text)
    EXTI_Init                                0x08000695   Thumb Code   142  stm32f10x_exti.o(.text)
    EXTI_StructInit                          0x08000723   Thumb Code    16  stm32f10x_exti.o(.text)
    EXTI_GenerateSWInterrupt                 0x08000733   Thumb Code    16  stm32f10x_exti.o(.text)
    EXTI_GetFlagStatus                       0x08000743   Thumb Code    22  stm32f10x_exti.o(.text)
    EXTI_ClearFlag                           0x08000759   Thumb Code     8  stm32f10x_exti.o(.text)
    EXTI_GetITStatus                         0x08000761   Thumb Code    34  stm32f10x_exti.o(.text)
    EXTI_ClearITPendingBit                   0x08000783   Thumb Code     8  stm32f10x_exti.o(.text)
    FLASH_SetLatency                         0x08000795   Thumb Code    18  stm32f10x_flash.o(.text)
    FLASH_HalfCycleAccessCmd                 0x080007a7   Thumb Code    22  stm32f10x_flash.o(.text)
    FLASH_PrefetchBufferCmd                  0x080007bd   Thumb Code    22  stm32f10x_flash.o(.text)
    FLASH_Unlock                             0x080007d3   Thumb Code    12  stm32f10x_flash.o(.text)
    FLASH_UnlockBank1                        0x080007df   Thumb Code    12  stm32f10x_flash.o(.text)
    FLASH_Lock                               0x080007eb   Thumb Code    14  stm32f10x_flash.o(.text)
    FLASH_LockBank1                          0x080007f9   Thumb Code    14  stm32f10x_flash.o(.text)
    FLASH_GetBank1Status                     0x08000807   Thumb Code    48  stm32f10x_flash.o(.text)
    FLASH_WaitForLastOperation               0x08000837   Thumb Code    38  stm32f10x_flash.o(.text)
    FLASH_ErasePage                          0x0800085d   Thumb Code    72  stm32f10x_flash.o(.text)
    FLASH_EraseAllPages                      0x080008a5   Thumb Code    68  stm32f10x_flash.o(.text)
    FLASH_WaitForLastBank1Operation          0x080008e9   Thumb Code    38  stm32f10x_flash.o(.text)
    FLASH_EraseAllBank1Pages                 0x0800090f   Thumb Code    68  stm32f10x_flash.o(.text)
    FLASH_GetReadOutProtectionStatus         0x08000953   Thumb Code    20  stm32f10x_flash.o(.text)
    FLASH_EraseOptionBytes                   0x08000967   Thumb Code   150  stm32f10x_flash.o(.text)
    FLASH_ProgramWord                        0x080009fd   Thumb Code   102  stm32f10x_flash.o(.text)
    FLASH_ProgramHalfWord                    0x08000a63   Thumb Code    60  stm32f10x_flash.o(.text)
    FLASH_ProgramOptionByteData              0x08000a9f   Thumb Code    72  stm32f10x_flash.o(.text)
    FLASH_EnableWriteProtection              0x08000ae7   Thumb Code   200  stm32f10x_flash.o(.text)
    FLASH_ReadOutProtection                  0x08000baf   Thumb Code   156  stm32f10x_flash.o(.text)
    FLASH_UserOptionByteConfig               0x08000c4b   Thumb Code    88  stm32f10x_flash.o(.text)
    FLASH_GetUserOptionByte                  0x08000ca3   Thumb Code     8  stm32f10x_flash.o(.text)
    FLASH_GetWriteProtectionOptionByte       0x08000cab   Thumb Code     6  stm32f10x_flash.o(.text)
    FLASH_GetPrefetchBufferStatus            0x08000cb1   Thumb Code    20  stm32f10x_flash.o(.text)
    FLASH_ITConfig                           0x08000cc5   Thumb Code    26  stm32f10x_flash.o(.text)
    FLASH_GetFlagStatus                      0x08000cdf   Thumb Code    42  stm32f10x_flash.o(.text)
    FLASH_ClearFlag                          0x08000d09   Thumb Code     6  stm32f10x_flash.o(.text)
    FLASH_GetStatus                          0x08000d0f   Thumb Code    48  stm32f10x_flash.o(.text)
    GPIO_DeInit                              0x08000d51   Thumb Code   172  stm32f10x_gpio.o(.text)
    GPIO_AFIODeInit                          0x08000dfd   Thumb Code    20  stm32f10x_gpio.o(.text)
    GPIO_Init                                0x08000e11   Thumb Code   278  stm32f10x_gpio.o(.text)
    GPIO_StructInit                          0x08000f27   Thumb Code    16  stm32f10x_gpio.o(.text)
    GPIO_ReadInputDataBit                    0x08000f37   Thumb Code    18  stm32f10x_gpio.o(.text)
    GPIO_ReadInputData                       0x08000f49   Thumb Code     8  stm32f10x_gpio.o(.text)
    GPIO_ReadOutputDataBit                   0x08000f51   Thumb Code    18  stm32f10x_gpio.o(.text)
    GPIO_ReadOutputData                      0x08000f63   Thumb Code     8  stm32f10x_gpio.o(.text)
    GPIO_SetBits                             0x08000f6b   Thumb Code     4  stm32f10x_gpio.o(.text)
    GPIO_ResetBits                           0x08000f6f   Thumb Code     4  stm32f10x_gpio.o(.text)
    GPIO_WriteBit                            0x08000f73   Thumb Code    10  stm32f10x_gpio.o(.text)
    GPIO_Write                               0x08000f7d   Thumb Code     4  stm32f10x_gpio.o(.text)
    GPIO_PinLockConfig                       0x08000f81   Thumb Code    18  stm32f10x_gpio.o(.text)
    GPIO_EventOutputConfig                   0x08000f93   Thumb Code    26  stm32f10x_gpio.o(.text)
    GPIO_EventOutputCmd                      0x08000fad   Thumb Code     6  stm32f10x_gpio.o(.text)
    GPIO_PinRemapConfig                      0x08000fb3   Thumb Code   138  stm32f10x_gpio.o(.text)
    GPIO_EXTILineConfig                      0x0800103d   Thumb Code    66  stm32f10x_gpio.o(.text)
    GPIO_ETH_MediaInterfaceConfig            0x0800107f   Thumb Code     8  stm32f10x_gpio.o(.text)
    IWDG_WriteAccessCmd                      0x080010ad   Thumb Code     6  stm32f10x_iwdg.o(.text)
    IWDG_SetPrescaler                        0x080010b3   Thumb Code     6  stm32f10x_iwdg.o(.text)
    IWDG_SetReload                           0x080010b9   Thumb Code     6  stm32f10x_iwdg.o(.text)
    IWDG_ReloadCounter                       0x080010bf   Thumb Code    10  stm32f10x_iwdg.o(.text)
    IWDG_Enable                              0x080010c9   Thumb Code    10  stm32f10x_iwdg.o(.text)
    IWDG_GetFlagStatus                       0x080010d3   Thumb Code    20  stm32f10x_iwdg.o(.text)
    PWR_DeInit                               0x080010ed   Thumb Code    22  stm32f10x_pwr.o(.text)
    PWR_BackupAccessCmd                      0x08001103   Thumb Code     6  stm32f10x_pwr.o(.text)
    PWR_PVDCmd                               0x08001109   Thumb Code     6  stm32f10x_pwr.o(.text)
    PWR_PVDLevelConfig                       0x0800110f   Thumb Code    18  stm32f10x_pwr.o(.text)
    PWR_WakeUpPinCmd                         0x08001121   Thumb Code     8  stm32f10x_pwr.o(.text)
    PWR_EnterSTOPMode                        0x08001129   Thumb Code    54  stm32f10x_pwr.o(.text)
    PWR_EnterSTANDBYMode                     0x0800115f   Thumb Code    42  stm32f10x_pwr.o(.text)
    PWR_GetFlagStatus                        0x08001189   Thumb Code    20  stm32f10x_pwr.o(.text)
    PWR_ClearFlag                            0x0800119d   Thumb Code    14  stm32f10x_pwr.o(.text)
    RCC_DeInit                               0x080011b9   Thumb Code    64  stm32f10x_rcc.o(.text)
    RCC_HSEConfig                            0x080011f9   Thumb Code    70  stm32f10x_rcc.o(.text)
    RCC_GetFlagStatus                        0x0800123f   Thumb Code    56  stm32f10x_rcc.o(.text)
    RCC_WaitForHSEStartUp                    0x08001277   Thumb Code    56  stm32f10x_rcc.o(.text)
    RCC_AdjustHSICalibrationValue            0x080012af   Thumb Code    20  stm32f10x_rcc.o(.text)
    RCC_HSICmd                               0x080012c3   Thumb Code     6  stm32f10x_rcc.o(.text)
    RCC_PLLConfig                            0x080012c9   Thumb Code    24  stm32f10x_rcc.o(.text)
    RCC_PLLCmd                               0x080012e1   Thumb Code     6  stm32f10x_rcc.o(.text)
    RCC_SYSCLKConfig                         0x080012e7   Thumb Code    18  stm32f10x_rcc.o(.text)
    RCC_GetSYSCLKSource                      0x080012f9   Thumb Code    10  stm32f10x_rcc.o(.text)
    RCC_HCLKConfig                           0x08001303   Thumb Code    18  stm32f10x_rcc.o(.text)
    RCC_PCLK1Config                          0x08001315   Thumb Code    18  stm32f10x_rcc.o(.text)
    RCC_PCLK2Config                          0x08001327   Thumb Code    20  stm32f10x_rcc.o(.text)
    RCC_ITConfig                             0x0800133b   Thumb Code    26  stm32f10x_rcc.o(.text)
    RCC_USBCLKConfig                         0x08001355   Thumb Code     8  stm32f10x_rcc.o(.text)
    RCC_ADCCLKConfig                         0x0800135d   Thumb Code    18  stm32f10x_rcc.o(.text)
    RCC_LSEConfig                            0x0800136f   Thumb Code    50  stm32f10x_rcc.o(.text)
    RCC_LSICmd                               0x080013a1   Thumb Code     6  stm32f10x_rcc.o(.text)
    RCC_RTCCLKConfig                         0x080013a7   Thumb Code    12  stm32f10x_rcc.o(.text)
    RCC_RTCCLKCmd                            0x080013b3   Thumb Code     8  stm32f10x_rcc.o(.text)
    RCC_GetClocksFreq                        0x080013bb   Thumb Code   192  stm32f10x_rcc.o(.text)
    RCC_AHBPeriphClockCmd                    0x0800147b   Thumb Code    26  stm32f10x_rcc.o(.text)
    RCC_APB2PeriphClockCmd                   0x08001495   Thumb Code    26  stm32f10x_rcc.o(.text)
    RCC_APB1PeriphClockCmd                   0x080014af   Thumb Code    26  stm32f10x_rcc.o(.text)
    RCC_APB2PeriphResetCmd                   0x080014c9   Thumb Code    26  stm32f10x_rcc.o(.text)
    RCC_APB1PeriphResetCmd                   0x080014e3   Thumb Code    26  stm32f10x_rcc.o(.text)
    RCC_BackupResetCmd                       0x080014fd   Thumb Code     8  stm32f10x_rcc.o(.text)
    RCC_ClockSecuritySystemCmd               0x08001505   Thumb Code     6  stm32f10x_rcc.o(.text)
    RCC_MCOConfig                            0x0800150b   Thumb Code     6  stm32f10x_rcc.o(.text)
    RCC_ClearFlag                            0x08001511   Thumb Code    14  stm32f10x_rcc.o(.text)
    RCC_GetITStatus                          0x0800151f   Thumb Code    20  stm32f10x_rcc.o(.text)
    RCC_ClearITPendingBit                    0x08001533   Thumb Code     6  stm32f10x_rcc.o(.text)
    SPI_I2S_DeInit                           0x0800155d   Thumb Code    76  stm32f10x_spi.o(.text)
    SPI_Init                                 0x080015a9   Thumb Code    60  stm32f10x_spi.o(.text)
    I2S_Init                                 0x080015e5   Thumb Code   226  stm32f10x_spi.o(.text)
    SPI_StructInit                           0x080016c7   Thumb Code    24  stm32f10x_spi.o(.text)
    I2S_StructInit                           0x080016df   Thumb Code    20  stm32f10x_spi.o(.text)
    SPI_Cmd                                  0x080016f3   Thumb Code    24  stm32f10x_spi.o(.text)
    I2S_Cmd                                  0x0800170b   Thumb Code    24  stm32f10x_spi.o(.text)
    SPI_I2S_ITConfig                         0x08001723   Thumb Code    32  stm32f10x_spi.o(.text)
    SPI_I2S_DMACmd                           0x08001743   Thumb Code    18  stm32f10x_spi.o(.text)
    SPI_I2S_SendData                         0x08001755   Thumb Code     4  stm32f10x_spi.o(.text)
    SPI_I2S_ReceiveData                      0x08001759   Thumb Code     6  stm32f10x_spi.o(.text)
    SPI_NSSInternalSoftwareConfig            0x0800175f   Thumb Code    30  stm32f10x_spi.o(.text)
    SPI_SSOutputCmd                          0x0800177d   Thumb Code    24  stm32f10x_spi.o(.text)
    SPI_DataSizeConfig                       0x08001795   Thumb Code    18  stm32f10x_spi.o(.text)
    SPI_TransmitCRC                          0x080017a7   Thumb Code    10  stm32f10x_spi.o(.text)
    SPI_CalculateCRC                         0x080017b1   Thumb Code    24  stm32f10x_spi.o(.text)
    SPI_GetCRC                               0x080017c9   Thumb Code    16  stm32f10x_spi.o(.text)
    SPI_GetCRCPolynomial                     0x080017d9   Thumb Code     6  stm32f10x_spi.o(.text)
    SPI_BiDirectionalLineConfig              0x080017df   Thumb Code    28  stm32f10x_spi.o(.text)
    SPI_I2S_GetFlagStatus                    0x080017fb   Thumb Code    18  stm32f10x_spi.o(.text)
    SPI_I2S_ClearFlag                        0x0800180d   Thumb Code     6  stm32f10x_spi.o(.text)
    SPI_I2S_GetITStatus                      0x08001813   Thumb Code    52  stm32f10x_spi.o(.text)
    SPI_I2S_ClearITPendingBit                0x08001847   Thumb Code    20  stm32f10x_spi.o(.text)
    TIM_DeInit                               0x08001869   Thumb Code   424  stm32f10x_tim.o(.text)
    TIM_TimeBaseInit                         0x08001a11   Thumb Code   122  stm32f10x_tim.o(.text)
    TIM_OC1Init                              0x08001a8b   Thumb Code   132  stm32f10x_tim.o(.text)
    TIM_OC2Init                              0x08001b0f   Thumb Code   154  stm32f10x_tim.o(.text)
    TIM_OC3Init                              0x08001ba9   Thumb Code   150  stm32f10x_tim.o(.text)
    TIM_OC4Init                              0x08001c3f   Thumb Code   182  stm32f10x_tim.o(.text)
    TIM_SetIC4Prescaler                      0x08001cf5   Thumb Code    26  stm32f10x_tim.o(.text)
    TIM_SetIC3Prescaler                      0x08001d91   Thumb Code    18  stm32f10x_tim.o(.text)
    TIM_SetIC2Prescaler                      0x08001e1d   Thumb Code    26  stm32f10x_tim.o(.text)
    TIM_SetIC1Prescaler                      0x08001eb9   Thumb Code    18  stm32f10x_tim.o(.text)
    TIM_ICInit                               0x08001f37   Thumb Code   150  stm32f10x_tim.o(.text)
    TIM_PWMIConfig                           0x08001fcd   Thumb Code   124  stm32f10x_tim.o(.text)
    TIM_BDTRConfig                           0x08002049   Thumb Code    32  stm32f10x_tim.o(.text)
    TIM_TimeBaseStructInit                   0x08002069   Thumb Code    18  stm32f10x_tim.o(.text)
    TIM_OCStructInit                         0x0800207b   Thumb Code    20  stm32f10x_tim.o(.text)
    TIM_ICStructInit                         0x0800208f   Thumb Code    18  stm32f10x_tim.o(.text)
    TIM_BDTRStructInit                       0x080020a1   Thumb Code    40  stm32f10x_tim.o(.text)
    TIM_Cmd                                  0x080020c9   Thumb Code    24  stm32f10x_tim.o(.text)
    TIM_CtrlPWMOutputs                       0x080020e1   Thumb Code    30  stm32f10x_tim.o(.text)
    TIM_ITConfig                             0x080020ff   Thumb Code    18  stm32f10x_tim.o(.text)
    TIM_GenerateEvent                        0x08002111   Thumb Code     4  stm32f10x_tim.o(.text)
    TIM_DMAConfig                            0x08002115   Thumb Code    10  stm32f10x_tim.o(.text)
    TIM_DMACmd                               0x0800211f   Thumb Code    18  stm32f10x_tim.o(.text)
    TIM_InternalClockConfig                  0x08002131   Thumb Code    12  stm32f10x_tim.o(.text)
    TIM_SelectInputTrigger                   0x0800213d   Thumb Code    18  stm32f10x_tim.o(.text)
    TIM_ITRxExternalClockConfig              0x0800214f   Thumb Code    24  stm32f10x_tim.o(.text)
    TIM_TIxExternalClockConfig               0x08002167   Thumb Code    62  stm32f10x_tim.o(.text)
    TIM_ETRConfig                            0x080021a5   Thumb Code    28  stm32f10x_tim.o(.text)
    TIM_ETRClockMode1Config                  0x080021c1   Thumb Code    54  stm32f10x_tim.o(.text)
    TIM_ETRClockMode2Config                  0x080021f7   Thumb Code    32  stm32f10x_tim.o(.text)
    TIM_PrescalerConfig                      0x08002217   Thumb Code     6  stm32f10x_tim.o(.text)
    TIM_CounterModeConfig                    0x0800221d   Thumb Code    18  stm32f10x_tim.o(.text)
    TIM_EncoderInterfaceConfig               0x0800222f   Thumb Code    66  stm32f10x_tim.o(.text)
    TIM_ForcedOC1Config                      0x08002271   Thumb Code    18  stm32f10x_tim.o(.text)
    TIM_ForcedOC2Config                      0x08002283   Thumb Code    26  stm32f10x_tim.o(.text)
    TIM_ForcedOC3Config                      0x0800229d   Thumb Code    18  stm32f10x_tim.o(.text)
    TIM_ForcedOC4Config                      0x080022af   Thumb Code    26  stm32f10x_tim.o(.text)
    TIM_ARRPreloadConfig                     0x080022c9   Thumb Code    24  stm32f10x_tim.o(.text)
    TIM_SelectCOM                            0x080022e1   Thumb Code    24  stm32f10x_tim.o(.text)
    TIM_SelectCCDMA                          0x080022f9   Thumb Code    24  stm32f10x_tim.o(.text)
    TIM_CCPreloadControl                     0x08002311   Thumb Code    24  stm32f10x_tim.o(.text)
    TIM_OC1PreloadConfig                     0x08002329   Thumb Code    18  stm32f10x_tim.o(.text)
    TIM_OC2PreloadConfig                     0x0800233b   Thumb Code    26  stm32f10x_tim.o(.text)
    TIM_OC3PreloadConfig                     0x08002355   Thumb Code    18  stm32f10x_tim.o(.text)
    TIM_OC4PreloadConfig                     0x08002367   Thumb Code    26  stm32f10x_tim.o(.text)
    TIM_OC1FastConfig                        0x08002381   Thumb Code    18  stm32f10x_tim.o(.text)
    TIM_OC2FastConfig                        0x08002393   Thumb Code    26  stm32f10x_tim.o(.text)
    TIM_OC3FastConfig                        0x080023ad   Thumb Code    18  stm32f10x_tim.o(.text)
    TIM_OC4FastConfig                        0x080023bf   Thumb Code    26  stm32f10x_tim.o(.text)
    TIM_ClearOC1Ref                          0x080023d9   Thumb Code    18  stm32f10x_tim.o(.text)
    TIM_ClearOC2Ref                          0x080023eb   Thumb Code    24  stm32f10x_tim.o(.text)
    TIM_ClearOC3Ref                          0x08002403   Thumb Code    18  stm32f10x_tim.o(.text)
    TIM_ClearOC4Ref                          0x08002415   Thumb Code    24  stm32f10x_tim.o(.text)
    TIM_OC1PolarityConfig                    0x0800242d   Thumb Code    18  stm32f10x_tim.o(.text)
    TIM_OC1NPolarityConfig                   0x0800243f   Thumb Code    18  stm32f10x_tim.o(.text)
    TIM_OC2PolarityConfig                    0x08002451   Thumb Code    26  stm32f10x_tim.o(.text)
    TIM_OC2NPolarityConfig                   0x0800246b   Thumb Code    26  stm32f10x_tim.o(.text)
    TIM_OC3PolarityConfig                    0x08002485   Thumb Code    26  stm32f10x_tim.o(.text)
    TIM_OC3NPolarityConfig                   0x0800249f   Thumb Code    26  stm32f10x_tim.o(.text)
    TIM_OC4PolarityConfig                    0x080024b9   Thumb Code    26  stm32f10x_tim.o(.text)
    TIM_CCxCmd                               0x080024d3   Thumb Code    30  stm32f10x_tim.o(.text)
    TIM_CCxNCmd                              0x080024f1   Thumb Code    30  stm32f10x_tim.o(.text)
    TIM_SelectOCxM                           0x0800250f   Thumb Code    82  stm32f10x_tim.o(.text)
    TIM_UpdateDisableConfig                  0x08002561   Thumb Code    24  stm32f10x_tim.o(.text)
    TIM_UpdateRequestConfig                  0x08002579   Thumb Code    24  stm32f10x_tim.o(.text)
    TIM_SelectHallSensor                     0x08002591   Thumb Code    24  stm32f10x_tim.o(.text)
    TIM_SelectOnePulseMode                   0x080025a9   Thumb Code    18  stm32f10x_tim.o(.text)
    TIM_SelectOutputTrigger                  0x080025bb   Thumb Code    18  stm32f10x_tim.o(.text)
    TIM_SelectSlaveMode                      0x080025cd   Thumb Code    18  stm32f10x_tim.o(.text)
    TIM_SelectMasterSlaveMode                0x080025df   Thumb Code    18  stm32f10x_tim.o(.text)
    TIM_SetCounter                           0x080025f1   Thumb Code     4  stm32f10x_tim.o(.text)
    TIM_SetAutoreload                        0x080025f5   Thumb Code     4  stm32f10x_tim.o(.text)
    TIM_SetCompare1                          0x080025f9   Thumb Code     4  stm32f10x_tim.o(.text)
    TIM_SetCompare2                          0x080025fd   Thumb Code     4  stm32f10x_tim.o(.text)
    TIM_SetCompare3                          0x08002601   Thumb Code     4  stm32f10x_tim.o(.text)
    TIM_SetCompare4                          0x08002605   Thumb Code     6  stm32f10x_tim.o(.text)
    TIM_SetClockDivision                     0x0800260b   Thumb Code    18  stm32f10x_tim.o(.text)
    TIM_GetCapture1                          0x0800261d   Thumb Code     6  stm32f10x_tim.o(.text)
    TIM_GetCapture2                          0x08002623   Thumb Code     6  stm32f10x_tim.o(.text)
    TIM_GetCapture3                          0x08002629   Thumb Code     6  stm32f10x_tim.o(.text)
    TIM_GetCapture4                          0x0800262f   Thumb Code     8  stm32f10x_tim.o(.text)
    TIM_GetCounter                           0x08002637   Thumb Code     6  stm32f10x_tim.o(.text)
    TIM_GetPrescaler                         0x0800263d   Thumb Code     6  stm32f10x_tim.o(.text)
    TIM_GetFlagStatus                        0x08002643   Thumb Code    18  stm32f10x_tim.o(.text)
    TIM_ClearFlag                            0x08002655   Thumb Code     6  stm32f10x_tim.o(.text)
    TIM_GetITStatus                          0x0800265b   Thumb Code    34  stm32f10x_tim.o(.text)
    TIM_ClearITPendingBit                    0x0800267d   Thumb Code     6  stm32f10x_tim.o(.text)
    USART_DeInit                             0x08002685   Thumb Code   134  stm32f10x_usart.o(.text)
    USART_Init                               0x0800270b   Thumb Code   210  stm32f10x_usart.o(.text)
    USART_StructInit                         0x080027dd   Thumb Code    24  stm32f10x_usart.o(.text)
    USART_ClockInit                          0x080027f5   Thumb Code    34  stm32f10x_usart.o(.text)
    USART_ClockStructInit                    0x08002817   Thumb Code    12  stm32f10x_usart.o(.text)
    USART_Cmd                                0x08002823   Thumb Code    24  stm32f10x_usart.o(.text)
    USART_ITConfig                           0x0800283b   Thumb Code    74  stm32f10x_usart.o(.text)
    USART_DMACmd                             0x08002885   Thumb Code    18  stm32f10x_usart.o(.text)
    USART_SetAddress                         0x08002897   Thumb Code    18  stm32f10x_usart.o(.text)
    USART_WakeUpConfig                       0x080028a9   Thumb Code    18  stm32f10x_usart.o(.text)
    USART_ReceiverWakeUpCmd                  0x080028bb   Thumb Code    24  stm32f10x_usart.o(.text)
    USART_LINBreakDetectLengthConfig         0x080028d3   Thumb Code    18  stm32f10x_usart.o(.text)
    USART_LINCmd                             0x080028e5   Thumb Code    24  stm32f10x_usart.o(.text)
    USART_SendData                           0x080028fd   Thumb Code     8  stm32f10x_usart.o(.text)
    USART_ReceiveData                        0x08002905   Thumb Code    10  stm32f10x_usart.o(.text)
    USART_SendBreak                          0x0800290f   Thumb Code    10  stm32f10x_usart.o(.text)
    USART_SetGuardTime                       0x08002919   Thumb Code    16  stm32f10x_usart.o(.text)
    USART_SetPrescaler                       0x08002929   Thumb Code    16  stm32f10x_usart.o(.text)
    USART_SmartCardCmd                       0x08002939   Thumb Code    24  stm32f10x_usart.o(.text)
    USART_SmartCardNACKCmd                   0x08002951   Thumb Code    24  stm32f10x_usart.o(.text)
    USART_HalfDuplexCmd                      0x08002969   Thumb Code    24  stm32f10x_usart.o(.text)
    USART_OverSampling8Cmd                   0x08002981   Thumb Code    22  stm32f10x_usart.o(.text)
    USART_OneBitMethodCmd                    0x08002997   Thumb Code    24  stm32f10x_usart.o(.text)
    USART_IrDAConfig                         0x080029af   Thumb Code    18  stm32f10x_usart.o(.text)
    USART_IrDACmd                            0x080029c1   Thumb Code    24  stm32f10x_usart.o(.text)
    USART_GetFlagStatus                      0x080029d9   Thumb Code    26  stm32f10x_usart.o(.text)
    USART_ClearFlag                          0x080029f3   Thumb Code    18  stm32f10x_usart.o(.text)
    USART_GetITStatus                        0x08002a05   Thumb Code    84  stm32f10x_usart.o(.text)
    USART_ClearITPendingBit                  0x08002a59   Thumb Code    52  stm32f10x_usart.o(.text)
    SystemClock_Config                       0x08002a8d   Thumb Code   102  main.o(.text)
    IWDG_Configuration                       0x08002af3   Thumb Code    34  main.o(.text)
    main                                     0x08002b15   Thumb Code  1030  main.o(.text)
    NMI_Handler                              0x08003051   Thumb Code     2  stm32f10x_it.o(.text)
    HardFault_Handler                        0x08003053   Thumb Code     4  stm32f10x_it.o(.text)
    MemManage_Handler                        0x08003057   Thumb Code     4  stm32f10x_it.o(.text)
    BusFault_Handler                         0x0800305b   Thumb Code     4  stm32f10x_it.o(.text)
    UsageFault_Handler                       0x0800305f   Thumb Code     4  stm32f10x_it.o(.text)
    SVC_Handler                              0x08003063   Thumb Code     2  stm32f10x_it.o(.text)
    DebugMon_Handler                         0x08003065   Thumb Code     2  stm32f10x_it.o(.text)
    PendSV_Handler                           0x08003067   Thumb Code     2  stm32f10x_it.o(.text)
    SysTick_Handler                          0x08003069   Thumb Code     2  stm32f10x_it.o(.text)
    BSP_NVIC_Configuration                   0x0800306d   Thumb Code    12  nvic_conf.o(.text)
    USART1_IRQHandler                        0x08003079   Thumb Code   130  nvic_conf.o(.text)
    TIM2_IRQHandler                          0x080030fb   Thumb Code    94  nvic_conf.o(.text)
    PVD_IRQHandler                           0x08003159   Thumb Code    34  nvic_conf.o(.text)
    SPI1_IRQHandler                          0x0800317b   Thumb Code   130  nvic_conf.o(.text)
    SPI2_IRQHandler                          0x080031fd   Thumb Code   130  nvic_conf.o(.text)
    Usart_TIM2_Init                          0x080033f5   Thumb Code   120  bsp_zn200.o(.text)
    ZN200_Init                               0x0800346d   Thumb Code    54  bsp_zn200.o(.text)
    usart1Printf                             0x080034a3   Thumb Code    82  bsp_zn200.o(.text)
    OLED_WR_Byte                             0x08003509   Thumb Code   112  oled.o(.text)
    Set_Write_RAM                            0x08003579   Thumb Code    12  oled.o(.text)
    Set_Row_Address                          0x08003585   Thumb Code    32  oled.o(.text)
    Set_Column_Address                       0x080035a5   Thumb Code    32  oled.o(.text)
    Fill_RAM                                 0x080035c5   Thumb Code    66  oled.o(.text)
    OLED_Init                                0x08003607   Thumb Code   568  oled.o(.text)
    Set_Read_RAM                             0x0800383f   Thumb Code    12  oled.o(.text)
    Set_Remap_Format                         0x0800384b   Thumb Code    30  oled.o(.text)
    Set_Partial_Display                      0x08003869   Thumb Code    38  oled.o(.text)
    Set_Display_Offset                       0x0800388f   Thumb Code    22  oled.o(.text)
    Set_Start_Line                           0x080038a5   Thumb Code    22  oled.o(.text)
    Set_Master_Current                       0x080038bb   Thumb Code    22  oled.o(.text)
    Set_Gray_Scale_Table                     0x080038d1   Thumb Code   150  oled.o(.text)
    Set_Linear_Gray_Scale_Table              0x08003967   Thumb Code    12  oled.o(.text)
    Vertical_Scroll                          0x08003973   Thumb Code   132  oled.o(.text)
    Draw_Rectangle                           0x080039f7   Thumb Code   632  oled.o(.text)
    Fill_Block                               0x08003c6f   Thumb Code   106  oled.o(.text)
    Show_Pattern                             0x08003cd9   Thumb Code   116  oled.o(.text)
    Con_4_byte                               0x08003d4d   Thumb Code   174  oled.o(.text)
    Grayscale                                0x08003dfb   Thumb Code   260  oled.o(.text)
    GBZK_ROMOUTSET                           0x08003f01   Thumb Code    30  zk.o(.text)
    GBZK_ROMOUTRESET                         0x08003f1f   Thumb Code    30  zk.o(.text)
    GBZK_GPIO_Config                         0x08003f3d   Thumb Code    46  zk.o(.text)
    ZK_command                               0x08003f6b   Thumb Code    66  zk.o(.text)
    get_data_from_ROM                        0x08003fad   Thumb Code    84  zk.o(.text)
    get_n_bytes_data_from_ROM                0x08004001   Thumb Code    88  zk.o(.text)
    Display_GB2312                           0x08004059   Thumb Code   134  zk.o(.text)
    Display_GB2312_String                    0x080040df   Thumb Code   310  zk.o(.text)
    Display_GBasc                            0x08004215   Thumb Code   134  zk.o(.text)
    Display_GBasc_String                     0x0800429b   Thumb Code   422  zk.o(.text)
    Display_Asc                              0x08004441   Thumb Code   212  zk.o(.text)
    Display_Asc_String                       0x08004515   Thumb Code   246  zk.o(.text)
    Delay_TIM4_Init                          0x08004629   Thumb Code    60  delay.o(.text)
    delay_us                                 0x08004665   Thumb Code    42  delay.o(.text)
    delay_ms                                 0x0800468f   Thumb Code    52  delay.o(.text)
    delay_s                                  0x080046c3   Thumb Code    30  delay.o(.text)
    LowPW_Init                               0x080046e5   Thumb Code    90  func.o(.text)
    SlaverDevice_Ctl                         0x0800473f   Thumb Code   250  func.o(.text)
    Load_SysPara                             0x08004839   Thumb Code   254  func.o(.text)
    Save_SysPara                             0x08004937   Thumb Code   196  func.o(.text)
    FLASH_WriteHalfWord                      0x08004a11   Thumb Code    40  myflash.o(.text)
    FLASH_ReadHalfWord                       0x08004a39   Thumb Code     6  myflash.o(.text)
    Key_IOInit                               0x08004a45   Thumb Code    56  key.o(.text)
    Spi1_Init                                0x08004a85   Thumb Code   168  hard_spi.o(.text)
    SPI1_SendByte                            0x08004b2d   Thumb Code    50  hard_spi.o(.text)
    Spi2_Init                                0x08004b5f   Thumb Code   174  hard_spi.o(.text)
    SPI2_SendByte                            0x08004c0d   Thumb Code    50  hard_spi.o(.text)
    __aeabi_memcpy                           0x08004c51   Thumb Code    36  memcpya.o(.text)
    __aeabi_memcpy4                          0x08004c51   Thumb Code     0  memcpya.o(.text)
    __aeabi_memcpy8                          0x08004c51   Thumb Code     0  memcpya.o(.text)
    __aeabi_memset                           0x08004c75   Thumb Code    14  memseta.o(.text)
    __aeabi_memset4                          0x08004c75   Thumb Code     0  memseta.o(.text)
    __aeabi_memset8                          0x08004c75   Thumb Code     0  memseta.o(.text)
    __aeabi_memclr                           0x08004c83   Thumb Code     4  memseta.o(.text)
    __aeabi_memclr4                          0x08004c83   Thumb Code     0  memseta.o(.text)
    __aeabi_memclr8                          0x08004c83   Thumb Code     0  memseta.o(.text)
    _memset$wrapper                          0x08004c87   Thumb Code    18  memseta.o(.text)
    strcpy                                   0x08004c99   Thumb Code    18  strcpy.o(.text)
    __aeabi_dadd                             0x08004cab   Thumb Code   322  dadd.o(.text)
    __aeabi_dsub                             0x08004ded   Thumb Code     6  dadd.o(.text)
    __aeabi_drsub                            0x08004df3   Thumb Code     6  dadd.o(.text)
    __aeabi_dmul                             0x08004df9   Thumb Code   228  dmul.o(.text)
    __aeabi_ddiv                             0x08004edd   Thumb Code   222  ddiv.o(.text)
    __aeabi_ui2d                             0x08004fbb   Thumb Code    26  dfltui.o(.text)
    __aeabi_d2uiz                            0x08004fd5   Thumb Code    50  dfixui.o(.text)
    __aeabi_cdcmpeq                          0x08005009   Thumb Code     0  cdcmple.o(.text)
    __aeabi_cdcmple                          0x08005009   Thumb Code    48  cdcmple.o(.text)
    __aeabi_cdrcmple                         0x08005039   Thumb Code    48  cdrcmple.o(.text)
    __aeabi_uidiv                            0x08005069   Thumb Code     0  uidiv.o(.text)
    __aeabi_uidivmod                         0x08005069   Thumb Code    44  uidiv.o(.text)
    __aeabi_uldivmod                         0x08005095   Thumb Code    98  uldiv.o(.text)
    __aeabi_llsl                             0x080050f7   Thumb Code    30  llshl.o(.text)
    _ll_shift_l                              0x080050f7   Thumb Code     0  llshl.o(.text)
    __aeabi_llsr                             0x08005115   Thumb Code    32  llushr.o(.text)
    _ll_ushift_r                             0x08005115   Thumb Code     0  llushr.o(.text)
    __aeabi_lasr                             0x08005135   Thumb Code    36  llsshr.o(.text)
    _ll_sshift_r                             0x08005135   Thumb Code     0  llsshr.o(.text)
    __I$use$fp                               0x08005159   Thumb Code     0  iusefp.o(.text)
    _double_round                            0x08005159   Thumb Code    30  depilogue.o(.text)
    _double_epilogue                         0x08005177   Thumb Code   156  depilogue.o(.text)
    __aeabi_d2ulz                            0x08005213   Thumb Code    48  dfixul.o(.text)
    __scatterload                            0x08005245   Thumb Code    28  init.o(.text)
    __scatterload_rt2                        0x08005245   Thumb Code     0  init.o(.text)
    __0sprintf$6                             0x08005269   Thumb Code    34  printf6.o(i.__0sprintf$6)
    __1sprintf$6                             0x08005269   Thumb Code     0  printf6.o(i.__0sprintf$6)
    __2sprintf                               0x08005269   Thumb Code     0  printf6.o(i.__0sprintf$6)
    __0vsnprintf                             0x08005291   Thumb Code    32  printfa.o(i.__0vsnprintf)
    __1vsnprintf                             0x08005291   Thumb Code     0  printfa.o(i.__0vsnprintf)
    __2vsnprintf                             0x08005291   Thumb Code     0  printfa.o(i.__0vsnprintf)
    __c89vsnprintf                           0x08005291   Thumb Code     0  printfa.o(i.__0vsnprintf)
    vsnprintf                                0x08005291   Thumb Code     0  printfa.o(i.__0vsnprintf)
    __scatterload_copy                       0x080052b5   Thumb Code    14  handlers.o(i.__scatterload_copy)
    __scatterload_null                       0x080052c3   Thumb Code     2  handlers.o(i.__scatterload_null)
    __scatterload_zeroinit                   0x080052c5   Thumb Code    14  handlers.o(i.__scatterload_zeroinit)
    Region$$Table$$Base                      0x08005ec8   Number         0  anon$$obj.o(Region$$Table)
    Region$$Table$$Limit                     0x08005ee8   Number         0  anon$$obj.o(Region$$Table)
    SystemCoreClock                          0x20000000   Data           4  system_stm32f10x.o(.data)
    AHBPrescTable                            0x20000004   Data          16  system_stm32f10x.o(.data)
    clear                                    0x20000028   Data           1  nvic_conf.o(.data)
    Rec_Len                                  0x20000029   Data           1  nvic_conf.o(.data)
    Parse_Que                                0x2000002c   Data           4  nvic_conf.o(.data)
    Que_Len                                  0x20000030   Data           1  nvic_conf.o(.data)
    Spi1_RecBuff                             0x20000031   Data           6  nvic_conf.o(.data)
    Spi1_Reclen                              0x20000037   Data           1  nvic_conf.o(.data)
    Spi1_RecFinish                           0x20000038   Data           1  nvic_conf.o(.data)
    Spi2_Reclen                              0x20000039   Data           1  nvic_conf.o(.data)
    Spi2_RecFinish                           0x2000003a   Data           1  nvic_conf.o(.data)
    Spi2_RecBuff                             0x2000003b   Data           6  nvic_conf.o(.data)
    s_ack1                                   0x20000041   Data           1  func.o(.data)
    s_ack2                                   0x20000042   Data           1  func.o(.data)
    cur_SysPara                              0x20000048   Data          24  main.o(.bss)
    Rec_Buffer                               0x20000060   Data          64  nvic_conf.o(.bss)
    LAN_DATA                                 0x200000a0   Data          12  bsp_zn200.o(.bss)
    FontBuf                                  0x200000ac   Data         128  zk.o(.bss)
    __initial_sp                             0x20001130   Data           0  startup_stm32f10x_hd.o(STACK)



==============================================================================

Memory Map of the image

  Image Entry point : 0x08000131

  Load Region LR_IROM1 (Base: 0x08000000, Size: 0x00005f2c, Max: 0x00070000, ABSOLUTE)

    Execution Region ER_IROM1 (Base: 0x08000000, Size: 0x00005ee8, Max: 0x00070000, ABSOLUTE)

    Base Addr    Size         Type   Attr      Idx    E Section Name        Object

    0x08000000   0x00000130   Data   RO            3    RESET               startup_stm32f10x_hd.o
    0x08000130   0x00000000   Code   RO          662  * .ARM.Collect$$$$00000000  mc_w.l(entry.o)
    0x08000130   0x00000004   Code   RO          958    .ARM.Collect$$$$00000001  mc_w.l(entry2.o)
    0x08000134   0x00000004   Code   RO          961    .ARM.Collect$$$$00000004  mc_w.l(entry5.o)
    0x08000138   0x00000000   Code   RO          963    .ARM.Collect$$$$00000008  mc_w.l(entry7b.o)
    0x08000138   0x00000000   Code   RO          965    .ARM.Collect$$$$0000000A  mc_w.l(entry8b.o)
    0x08000138   0x00000008   Code   RO          966    .ARM.Collect$$$$0000000B  mc_w.l(entry9a.o)
    0x08000140   0x00000000   Code   RO          968    .ARM.Collect$$$$0000000D  mc_w.l(entry10a.o)
    0x08000140   0x00000000   Code   RO          970    .ARM.Collect$$$$0000000F  mc_w.l(entry11a.o)
    0x08000140   0x00000004   Code   RO          959    .ARM.Collect$$$$00002712  mc_w.l(entry2.o)
    0x08000144   0x00000024   Code   RO            4    .text               startup_stm32f10x_hd.o
    0x08000168   0x000001e0   Code   RO           24    .text               system_stm32f10x.o
    0x08000348   0x000000dc   Code   RO           91    .text               misc.o
    0x08000424   0x00000254   Code   RO          209    .text               stm32f10x_dma.o
    0x08000678   0x0000011c   Code   RO          221    .text               stm32f10x_exti.o
    0x08000794   0x000005bc   Code   RO          233    .text               stm32f10x_flash.o
    0x08000d50   0x0000035c   Code   RO          260    .text               stm32f10x_gpio.o
    0x080010ac   0x00000040   Code   RO          287    .text               stm32f10x_iwdg.o
    0x080010ec   0x000000cc   Code   RO          299    .text               stm32f10x_pwr.o
    0x080011b8   0x000003a4   Code   RO          311    .text               stm32f10x_rcc.o
    0x0800155c   0x0000030c   Code   RO          352    .text               stm32f10x_spi.o
    0x08001868   0x00000e1a   Code   RO          364    .text               stm32f10x_tim.o
    0x08002682   0x00000002   PAD
    0x08002684   0x00000408   Code   RO          376    .text               stm32f10x_usart.o
    0x08002a8c   0x000005c4   Code   RO          403    .text               main.o
    0x08003050   0x0000001a   Code   RO          466    .text               stm32f10x_it.o
    0x0800306a   0x00000002   PAD
    0x0800306c   0x00000258   Code   RO          481    .text               nvic_conf.o
    0x080032c4   0x00000244   Code   RO          501    .text               bsp_zn200.o
    0x08003508   0x000009f6   Code   RO          523    .text               oled.o
    0x08003efe   0x00000002   PAD
    0x08003f00   0x00000728   Code   RO          538    .text               zk.o
    0x08004628   0x000000bc   Code   RO          553    .text               delay.o
    0x080046e4   0x0000032c   Code   RO          578    .text               func.o
    0x08004a10   0x00000034   Code   RO          607    .text               myflash.o
    0x08004a44   0x00000040   Code   RO          631    .text               key.o
    0x08004a84   0x000001cc   Code   RO          643    .text               hard_spi.o
    0x08004c50   0x00000024   Code   RO          665    .text               mc_w.l(memcpya.o)
    0x08004c74   0x00000024   Code   RO          667    .text               mc_w.l(memseta.o)
    0x08004c98   0x00000012   Code   RO          673    .text               mc_w.l(strcpy.o)
    0x08004caa   0x0000014e   Code   RO          944    .text               mf_w.l(dadd.o)
    0x08004df8   0x000000e4   Code   RO          946    .text               mf_w.l(dmul.o)
    0x08004edc   0x000000de   Code   RO          948    .text               mf_w.l(ddiv.o)
    0x08004fba   0x0000001a   Code   RO          950    .text               mf_w.l(dfltui.o)
    0x08004fd4   0x00000032   Code   RO          952    .text               mf_w.l(dfixui.o)
    0x08005006   0x00000002   PAD
    0x08005008   0x00000030   Code   RO          954    .text               mf_w.l(cdcmple.o)
    0x08005038   0x00000030   Code   RO          956    .text               mf_w.l(cdrcmple.o)
    0x08005068   0x0000002c   Code   RO          975    .text               mc_w.l(uidiv.o)
    0x08005094   0x00000062   Code   RO          977    .text               mc_w.l(uldiv.o)
    0x080050f6   0x0000001e   Code   RO          979    .text               mc_w.l(llshl.o)
    0x08005114   0x00000020   Code   RO          981    .text               mc_w.l(llushr.o)
    0x08005134   0x00000024   Code   RO          983    .text               mc_w.l(llsshr.o)
    0x08005158   0x00000000   Code   RO          985    .text               mc_w.l(iusefp.o)
    0x08005158   0x000000ba   Code   RO          986    .text               mf_w.l(depilogue.o)
    0x08005212   0x00000030   Code   RO          988    .text               mf_w.l(dfixul.o)
    0x08005242   0x00000002   PAD
    0x08005244   0x00000024   Code   RO          990    .text               mc_w.l(init.o)
    0x08005268   0x00000028   Code   RO          840    i.__0sprintf$6      mc_w.l(printf6.o)
    0x08005290   0x00000024   Code   RO          921    i.__0vsnprintf      mc_w.l(printfa.o)
    0x080052b4   0x0000000e   Code   RO          996    i.__scatterload_copy  mc_w.l(handlers.o)
    0x080052c2   0x00000002   Code   RO          997    i.__scatterload_null  mc_w.l(handlers.o)
    0x080052c4   0x0000000e   Code   RO          998    i.__scatterload_zeroinit  mc_w.l(handlers.o)
    0x080052d2   0x00000002   PAD
    0x080052d4   0x00000164   Code   RO          923    i._fp_digits        mc_w.l(printfa.o)
    0x08005438   0x000002f0   Code   RO          845    i._printf_core      mc_w.l(printf6.o)
    0x08005728   0x000006dc   Code   RO          924    i._printf_core      mc_w.l(printfa.o)
    0x08005e04   0x00000024   Code   RO          846    i._printf_post_padding  mc_w.l(printf6.o)
    0x08005e28   0x00000024   Code   RO          925    i._printf_post_padding  mc_w.l(printfa.o)
    0x08005e4c   0x0000002e   Code   RO          847    i._printf_pre_padding  mc_w.l(printf6.o)
    0x08005e7a   0x0000002e   Code   RO          926    i._printf_pre_padding  mc_w.l(printfa.o)
    0x08005ea8   0x00000016   Code   RO          927    i._snputc           mc_w.l(printfa.o)
    0x08005ebe   0x0000000a   Code   RO          849    i._sputc            mc_w.l(printf6.o)
    0x08005ec8   0x00000020   Data   RO          994    Region$$Table       anon$$obj.o


    Execution Region RW_IRAM1 (Base: 0x20000000, Size: 0x00001130, Max: 0x00010000, ABSOLUTE)

    Base Addr    Size         Type   Attr      Idx    E Section Name        Object

    0x20000000   0x00000014   Data   RW           25    .data               system_stm32f10x.o
    0x20000014   0x00000014   Data   RW          312    .data               stm32f10x_rcc.o
    0x20000028   0x00000019   Data   RW          483    .data               nvic_conf.o
    0x20000041   0x00000002   Data   RW          579    .data               func.o
    0x20000043   0x00000005   PAD
    0x20000048   0x00000018   Zero   RW          404    .bss                main.o
    0x20000060   0x00000040   Zero   RW          482    .bss                nvic_conf.o
    0x200000a0   0x0000000c   Zero   RW          502    .bss                bsp_zn200.o
    0x200000ac   0x00000080   Zero   RW          539    .bss                zk.o
    0x2000012c   0x00000004   PAD
    0x20000130   0x00001000   Zero   RW            1    STACK               startup_stm32f10x_hd.o


==============================================================================

Image component sizes


      Code (inc. data)   RO Data    RW Data    ZI Data      Debug   Object Name

       580         20          0          0         12       2993   bsp_zn200.o
         0          0          0          0          0       4496   core_cm3.o
       188          4          0          0          0       1036   delay.o
       812         22          0          2          0       2508   func.o
       460         18          0          0          0       1378   hard_spi.o
        64          8          0          0          0        489   key.o
      1476        310          0          0         24       3763   main.o
       220         22          0          0          0       1813   misc.o
        52          6          0          0          0        813   myflash.o
       600         70          0         25         64       2675   nvic_conf.o
      2550          8          0          0          0       5807   oled.o
        36          8        304          0       4096        864   startup_stm32f10x_hd.o
       596          8          0          0          0       4338   stm32f10x_dma.o
       284         10          0          0          0       2243   stm32f10x_exti.o
      1468         34          0          0          0       8038   stm32f10x_flash.o
       860         38          0          0          0       5653   stm32f10x_gpio.o
        26          0          0          0          0       1210   stm32f10x_it.o
        64          6          0          0          0       1269   stm32f10x_iwdg.o
       204         14          0          0          0       1919   stm32f10x_pwr.o
       932         36          0         20          0       8820   stm32f10x_rcc.o
       780         14          0          0          0       6538   stm32f10x_spi.o
      3610         88          0          0          0      22140   stm32f10x_tim.o
      1032         22          0          0          0       8380   stm32f10x_usart.o
       480         38          0         20          0     275591   system_stm32f10x.o
      1832         96          0          0        128       5823   zk.o

    ----------------------------------------------------------------------
     19212        900        336         68       4332     380597   Object Totals
         0          0         32          0          0          0   (incl. Generated)
         6          0          0          1          8          0   (incl. Padding)

    ----------------------------------------------------------------------

      Code (inc. data)   RO Data    RW Data    ZI Data      Debug   Library Member Name

         0          0          0          0          0          0   entry.o
         0          0          0          0          0          0   entry10a.o
         0          0          0          0          0          0   entry11a.o
         8          4          0          0          0          0   entry2.o
         4          0          0          0          0          0   entry5.o
         0          0          0          0          0          0   entry7b.o
         0          0          0          0          0          0   entry8b.o
         8          4          0          0          0          0   entry9a.o
        30          0          0          0          0          0   handlers.o
        36          8          0          0          0         68   init.o
         0          0          0          0          0          0   iusefp.o
        30          0          0          0          0         68   llshl.o
        36          0          0          0          0         68   llsshr.o
        32          0          0          0          0         68   llushr.o
        36          0          0          0          0         68   memcpya.o
        36          0          0          0          0        108   memseta.o
       884         10          0          0          0        420   printf6.o
      2252         84          0          0          0        508   printfa.o
        18          0          0          0          0         68   strcpy.o
        44          0          0          0          0         80   uidiv.o
        98          0          0          0          0         92   uldiv.o
        48          0          0          0          0         68   cdcmple.o
        48          0          0          0          0         68   cdrcmple.o
       334          0          0          0          0        148   dadd.o
       222          0          0          0          0        100   ddiv.o
       186          0          0          0          0        176   depilogue.o
        50          0          0          0          0         76   dfixui.o
        48          0          0          0          0         68   dfixul.o
        26          0          0          0          0         76   dfltui.o
       228          0          0          0          0         96   dmul.o

    ----------------------------------------------------------------------
      4748        110          0          0          0       2492   Library Totals
         6          0          0          0          0          0   (incl. Padding)

    ----------------------------------------------------------------------

      Code (inc. data)   RO Data    RW Data    ZI Data      Debug   Library Name

      3552        110          0          0          0       1616   mc_w.l
      1190          0          0          0          0        876   mf_w.l

    ----------------------------------------------------------------------
      4748        110          0          0          0       2492   Library Totals

    ----------------------------------------------------------------------

==============================================================================


      Code (inc. data)   RO Data    RW Data    ZI Data      Debug   

     23960       1010        336         68       4332     379653   Grand Totals
     23960       1010        336         68       4332     379653   ELF Image Totals
     23960       1010        336         68          0          0   ROM Totals

==============================================================================

    Total RO  Size (Code + RO Data)                24296 (  23.73kB)
    Total RW  Size (RW Data + ZI Data)              4400 (   4.30kB)
    Total ROM Size (Code + RO Data + RW Data)      24364 (  23.79kB)

==============================================================================

